Archive member included to satisfy reference by file (symbol)

/opt/gcc-arm-none-eabi-10-2020-q4-major/bin/../lib/gcc/arm-none-eabi/10.2.1/thumb/v7e-m+fp/hard/libgcc.a(_arm_muldf3.o)
                              /home/nitish/qorc-sdk/arm-examples/setup/blink/GCC_Project/output/ql_test_signals.o (__aeabi_dmul)
/opt/gcc-arm-none-eabi-10-2020-q4-major/bin/../lib/gcc/arm-none-eabi/10.2.1/thumb/v7e-m+fp/hard/libgcc.a(_arm_addsubdf3.o)
                              /home/nitish/qorc-sdk/arm-examples/setup/blink/GCC_Project/output/ql_test_signals.o (__aeabi_dadd)
/opt/gcc-arm-none-eabi-10-2020-q4-major/bin/../lib/gcc/arm-none-eabi/10.2.1/thumb/v7e-m+fp/hard/libgcc.a(_arm_muldivdf3.o)
                              /home/nitish/qorc-sdk/arm-examples/setup/blink/GCC_Project/output/eoss3_hal_i2c.o (__aeabi_ddiv)
/opt/gcc-arm-none-eabi-10-2020-q4-major/bin/../lib/gcc/arm-none-eabi/10.2.1/thumb/v7e-m+fp/hard/libgcc.a(_arm_fixdfsi.o)
                              /home/nitish/qorc-sdk/arm-examples/setup/blink/GCC_Project/output/ql_test_signals.o (__aeabi_d2iz)
/opt/gcc-arm-none-eabi-10-2020-q4-major/bin/../lib/gcc/arm-none-eabi/10.2.1/thumb/v7e-m+fp/hard/libgcc.a(_arm_truncdfsf2.o)
                              /home/nitish/qorc-sdk/arm-examples/setup/blink/GCC_Project/output/eoss3_hal_i2c.o (__aeabi_d2f)
/opt/gcc-arm-none-eabi-10-2020-q4-major/bin/../lib/gcc/arm-none-eabi/10.2.1/thumb/v7e-m+fp/hard/libgcc.a(_aeabi_ldivmod.o)
                              /home/nitish/qorc-sdk/arm-examples/setup/blink/GCC_Project/output/dbg_uart.o (__aeabi_ldivmod)
/opt/gcc-arm-none-eabi-10-2020-q4-major/bin/../lib/gcc/arm-none-eabi/10.2.1/thumb/v7e-m+fp/hard/libgcc.a(_aeabi_uldivmod.o)
                              /home/nitish/qorc-sdk/arm-examples/setup/blink/GCC_Project/output/s3x_lpm.o (__aeabi_uldivmod)
/opt/gcc-arm-none-eabi-10-2020-q4-major/bin/../lib/gcc/arm-none-eabi/10.2.1/thumb/v7e-m+fp/hard/libgcc.a(_udivmoddi4.o)
                              /opt/gcc-arm-none-eabi-10-2020-q4-major/bin/../lib/gcc/arm-none-eabi/10.2.1/thumb/v7e-m+fp/hard/libgcc.a(_aeabi_ldivmod.o) (__udivmoddi4)
/opt/gcc-arm-none-eabi-10-2020-q4-major/bin/../lib/gcc/arm-none-eabi/10.2.1/thumb/v7e-m+fp/hard/libgcc.a(_dvmd_tls.o)
                              /opt/gcc-arm-none-eabi-10-2020-q4-major/bin/../lib/gcc/arm-none-eabi/10.2.1/thumb/v7e-m+fp/hard/libgcc.a(_aeabi_ldivmod.o) (__aeabi_ldiv0)
/opt/gcc-arm-none-eabi-10-2020-q4-major/bin/../lib/gcc/arm-none-eabi/10.2.1/../../../../arm-none-eabi/lib/thumb/v7e-m+fp/hard/libg_nano.a(lib_a-exit.o)
                              /opt/gcc-arm-none-eabi-10-2020-q4-major/bin/../lib/gcc/arm-none-eabi/10.2.1/../../../../arm-none-eabi/lib/thumb/v7e-m+fp/hard/crt0.o (exit)
/opt/gcc-arm-none-eabi-10-2020-q4-major/bin/../lib/gcc/arm-none-eabi/10.2.1/../../../../arm-none-eabi/lib/thumb/v7e-m+fp/hard/libg_nano.a(lib_a-impure.o)
                              /opt/gcc-arm-none-eabi-10-2020-q4-major/bin/../lib/gcc/arm-none-eabi/10.2.1/../../../../arm-none-eabi/lib/thumb/v7e-m+fp/hard/libg_nano.a(lib_a-exit.o) (_global_impure_ptr)
/opt/gcc-arm-none-eabi-10-2020-q4-major/bin/../lib/gcc/arm-none-eabi/10.2.1/../../../../arm-none-eabi/lib/thumb/v7e-m+fp/hard/libg_nano.a(lib_a-init.o)
                              /opt/gcc-arm-none-eabi-10-2020-q4-major/bin/../lib/gcc/arm-none-eabi/10.2.1/../../../../arm-none-eabi/lib/thumb/v7e-m+fp/hard/crt0.o (__libc_init_array)
/opt/gcc-arm-none-eabi-10-2020-q4-major/bin/../lib/gcc/arm-none-eabi/10.2.1/../../../../arm-none-eabi/lib/thumb/v7e-m+fp/hard/libg_nano.a(lib_a-malloc.o)
                              /home/nitish/qorc-sdk/arm-examples/setup/blink/GCC_Project/output/circularBuffQueue.o (malloc)
/opt/gcc-arm-none-eabi-10-2020-q4-major/bin/../lib/gcc/arm-none-eabi/10.2.1/../../../../arm-none-eabi/lib/thumb/v7e-m+fp/hard/libg_nano.a(lib_a-memcpy-stub.o)
                              /home/nitish/qorc-sdk/arm-examples/setup/blink/GCC_Project/output/cli_args.o (memcpy)
/opt/gcc-arm-none-eabi-10-2020-q4-major/bin/../lib/gcc/arm-none-eabi/10.2.1/../../../../arm-none-eabi/lib/thumb/v7e-m+fp/hard/libg_nano.a(lib_a-memmove.o)
                              /home/nitish/qorc-sdk/arm-examples/setup/blink/GCC_Project/output/cli_io.o (memmove)
/opt/gcc-arm-none-eabi-10-2020-q4-major/bin/../lib/gcc/arm-none-eabi/10.2.1/../../../../arm-none-eabi/lib/thumb/v7e-m+fp/hard/libg_nano.a(lib_a-memset.o)
                              /opt/gcc-arm-none-eabi-10-2020-q4-major/bin/../lib/gcc/arm-none-eabi/10.2.1/../../../../arm-none-eabi/lib/thumb/v7e-m+fp/hard/crt0.o (memset)
/opt/gcc-arm-none-eabi-10-2020-q4-major/bin/../lib/gcc/arm-none-eabi/10.2.1/../../../../arm-none-eabi/lib/thumb/v7e-m+fp/hard/libg_nano.a(lib_a-nano-freer.o)
                              /opt/gcc-arm-none-eabi-10-2020-q4-major/bin/../lib/gcc/arm-none-eabi/10.2.1/../../../../arm-none-eabi/lib/thumb/v7e-m+fp/hard/libg_nano.a(lib_a-malloc.o) (_free_r)
[...]
Memory Configuration

Name             Origin             Length             Attributes
rom              0x0000000000000000 0x0000000000027000 xr
ram              0x0000000020027000 0x000000000003c800 xrw
spiram           0x0000000020063800 0x0000000000000800 rw
HWA              0x0000000020064000 0x0000000000018000 rw
shm              0x000000002007c000 0x0000000000004000
*default*        0x0000000000000000 0xffffffffffffffff

Linker script and memory map

LOAD /opt/gcc-arm-none-eabi-10-2020-q4-major/bin/../lib/gcc/arm-none-eabi/10.2.1/thumb/v7e-m+fp/hard/crti.o
LOAD /opt/gcc-arm-none-eabi-10-2020-q4-major/bin/../lib/gcc/arm-none-eabi/10.2.1/thumb/v7e-m+fp/hard/crtbegin.o
LOAD /opt/gcc-arm-none-eabi-10-2020-q4-major/bin/../lib/gcc/arm-none-eabi/10.2.1/../../../../arm-none-eabi/lib/thumb/v7e-m+fp/hard/crt0.o
LOAD /home/nitish/qorc-sdk/arm-examples/setup/blink/GCC_Project/output/battery_level_monitor.o
LOAD /home/nitish/qorc-sdk/arm-examples/setup/blink/GCC_Project/output/c_lib_retarget.o
LOAD /home/nitish/qorc-sdk/arm-examples/setup/blink/GCC_Project/output/circularBuffQueue.o
LOAD /home/nitish/qorc-sdk/arm-examples/setup/blink/GCC_Project/output/cli_args.o
LOAD /home/nitish/qorc-sdk/arm-examples/setup/blink/GCC_Project/output/cli_hexdump.o
LOAD /home/nitish/qorc-sdk/arm-examples/setup/blink/GCC_Project/output/cli_io.o
LOAD /home/nitish/qorc-sdk/arm-examples/setup/blink/GCC_Project/output/cli_loop.o
LOAD /home/nitish/qorc-sdk/arm-examples/setup/blink/GCC_Project/output/cli_misc.o
LOAD /home/nitish/qorc-sdk/arm-examples/setup/blink/GCC_Project/output/cli_platform.o
LOAD /home/nitish/qorc-sdk/arm-examples/setup/blink/GCC_Project/output/cli_stdcmds.o
LOAD /home/nitish/qorc-sdk/arm-examples/setup/blink/GCC_Project/output/crc16.o
LOAD /home/nitish/qorc-sdk/arm-examples/setup/blink/GCC_Project/output/crc32.o
LOAD /home/nitish/qorc-sdk/arm-examples/setup/blink/GCC_Project/output/croutine.o
LOAD /home/nitish/qorc-sdk/arm-examples/setup/blink/GCC_Project/output/dbg_bufferedprinttask.o
LOAD /home/nitish/qorc-sdk/arm-examples/setup/blink/GCC_Project/output/dbg_queue_monitor.o
LOAD /home/nitish/qorc-sdk/arm-examples/setup/blink/GCC_Project/output/dbg_uart.o
LOAD /home/nitish/qorc-sdk/arm-examples/setup/blink/GCC_Project/output/dbgtrace.o
LOAD /home/nitish/qorc-sdk/arm-examples/setup/blink/GCC_Project/output/eoss3_hal_adc.o
LOAD /home/nitish/qorc-sdk/arm-examples/setup/blink/GCC_Project/output/eoss3_hal_gpio.o
LOAD /home/nitish/qorc-sdk/arm-examples/setup/blink/GCC_Project/output/eoss3_hal_i2c.o
LOAD /home/nitish/qorc-sdk/arm-examples/setup/blink/GCC_Project/output/eoss3_hal_i2s.o
LOAD /home/nitish/qorc-sdk/arm-examples/setup/blink/GCC_Project/output/eoss3_hal_i2s_slave_assp.o
LOAD /home/nitish/qorc-sdk/arm-examples/setup/blink/GCC_Project/output/eoss3_hal_pad_config.o
LOAD /home/nitish/qorc-sdk/arm-examples/setup/blink/GCC_Project/output/eoss3_hal_pkfb.o
LOAD /home/nitish/qorc-sdk/arm-examples/setup/blink/GCC_Project/output/eoss3_hal_rtc.o
LOAD /home/nitish/qorc-sdk/arm-examples/setup/blink/GCC_Project/output/eoss3_hal_sdma.o
LOAD /home/nitish/qorc-sdk/arm-examples/setup/blink/GCC_Project/output/eoss3_hal_spi.o
LOAD /home/nitish/qorc-sdk/arm-examples/setup/blink/GCC_Project/output/eoss3_hal_timer.o
LOAD /home/nitish/qorc-sdk/arm-examples/setup/blink/GCC_Project/output/eoss3_hal_uart.o
LOAD /home/nitish/qorc-sdk/arm-examples/setup/blink/GCC_Project/output/eoss3_hal_wb.o
LOAD /home/nitish/qorc-sdk/arm-examples/setup/blink/GCC_Project/output/eoss3_hal_wdt.o
LOAD /home/nitish/qorc-sdk/arm-examples/setup/blink/GCC_Project/output/event_groups.o
LOAD /home/nitish/qorc-sdk/arm-examples/setup/blink/GCC_Project/output/exceptions.o
LOAD /home/nitish/qorc-sdk/arm-examples/setup/blink/GCC_Project/output/freertos_static_memory.o
LOAD /home/nitish/qorc-sdk/arm-examples/setup/blink/GCC_Project/output/heap_4.o
LOAD /home/nitish/qorc-sdk/arm-examples/setup/blink/GCC_Project/output/hearable_pwrcfg.o
LOAD /home/nitish/qorc-sdk/arm-examples/setup/blink/GCC_Project/output/leds.o
LOAD /home/nitish/qorc-sdk/arm-examples/setup/blink/GCC_Project/output/list.o
LOAD /home/nitish/qorc-sdk/arm-examples/setup/blink/GCC_Project/output/main.o
LOAD /home/nitish/qorc-sdk/arm-examples/setup/blink/GCC_Project/output/main_dbg_cli_menu.o
LOAD /home/nitish/qorc-sdk/arm-examples/setup/blink/GCC_Project/output/pincfg_table.o
LOAD /home/nitish/qorc-sdk/arm-examples/setup/blink/GCC_Project/output/port.o
LOAD /home/nitish/qorc-sdk/arm-examples/setup/blink/GCC_Project/output/qf_baremetalsetup.o
LOAD /home/nitish/qorc-sdk/arm-examples/setup/blink/GCC_Project/output/qf_hardwaresetup.o
LOAD /home/nitish/qorc-sdk/arm-examples/setup/blink/GCC_Project/output/ql_base64.o
LOAD /home/nitish/qorc-sdk/arm-examples/setup/blink/GCC_Project/output/ql_stackwatermark.o
LOAD /home/nitish/qorc-sdk/arm-examples/setup/blink/GCC_Project/output/ql_test_signals.o
LOAD /home/nitish/qorc-sdk/arm-examples/setup/blink/GCC_Project/output/ql_time.o
LOAD /home/nitish/qorc-sdk/arm-examples/setup/blink/GCC_Project/output/queue.o
LOAD /home/nitish/qorc-sdk/arm-examples/setup/blink/GCC_Project/output/s3x_clock.o
LOAD /home/nitish/qorc-sdk/arm-examples/setup/blink/GCC_Project/output/s3x_clock_hal.o
LOAD /home/nitish/qorc-sdk/arm-examples/setup/blink/GCC_Project/output/s3x_cpuload.o
LOAD /home/nitish/qorc-sdk/arm-examples/setup/blink/GCC_Project/output/s3x_dfs.o
LOAD /home/nitish/qorc-sdk/arm-examples/setup/blink/GCC_Project/output/s3x_lpm.o
LOAD /home/nitish/qorc-sdk/arm-examples/setup/blink/GCC_Project/output/s3x_pi.o
LOAD /home/nitish/qorc-sdk/arm-examples/setup/blink/GCC_Project/output/s3x_pwrcfg.o
LOAD /home/nitish/qorc-sdk/arm-examples/setup/blink/GCC_Project/output/s3x_qos.o
LOAD /home/nitish/qorc-sdk/arm-examples/setup/blink/GCC_Project/output/sec_debug.o
LOAD /home/nitish/qorc-sdk/arm-examples/setup/blink/GCC_Project/output/spi_flash.o
LOAD /home/nitish/qorc-sdk/arm-examples/setup/blink/GCC_Project/output/startup_EOSS3B_GCC.o
LOAD /home/nitish/qorc-sdk/arm-examples/setup/blink/GCC_Project/output/stream_buffer.o
LOAD /home/nitish/qorc-sdk/arm-examples/setup/blink/GCC_Project/output/tasks.o
LOAD /home/nitish/qorc-sdk/arm-examples/setup/blink/GCC_Project/output/timers.o
LOAD /home/nitish/qorc-sdk/arm-examples/setup/blink/GCC_Project/output/vectors_CM4F_gcc.o
LOAD /home/nitish/qorc-sdk/arm-examples/setup/blink/GCC_Project/output/watchdog.o
LOAD /opt/gcc-arm-none-eabi-10-2020-q4-major/bin/../lib/gcc/arm-none-eabi/10.2.1/../../../../arm-none-eabi/lib/thumb/v7e-m+fp/hard/libm.a
LOAD /home/nitish/qorc-sdk/arm-examples/setup/blink/GCC_Project/../../../../Libraries/CMSIS/lib/GCC/libarm_cortexM4lf_math.a
START GROUP
LOAD /opt/gcc-arm-none-eabi-10-2020-q4-major/bin/../lib/gcc/arm-none-eabi/10.2.1/thumb/v7e-m+fp/hard/libgcc.a
LOAD /opt/gcc-arm-none-eabi-10-2020-q4-major/bin/../lib/gcc/arm-none-eabi/10.2.1/../../../../arm-none-eabi/lib/thumb/v7e-m+fp/hard/libg_nano.a
LOAD /opt/gcc-arm-none-eabi-10-2020-q4-major/bin/../lib/gcc/arm-none-eabi/10.2.1/../../../../arm-none-eabi/lib/thumb/v7e-m+fp/hard/libc_nano.a
END GROUP
START GROUP
LOAD /opt/gcc-arm-none-eabi-10-2020-q4-major/bin/../lib/gcc/arm-none-eabi/10.2.1/thumb/v7e-m+fp/hard/libgcc.a
LOAD /opt/gcc-arm-none-eabi-10-2020-q4-major/bin/../lib/gcc/arm-none-eabi/10.2.1/../../../../arm-none-eabi/lib/thumb/v7e-m+fp/hard/libc_nano.a
LOAD /opt/gcc-arm-none-eabi-10-2020-q4-major/bin/../lib/gcc/arm-none-eabi/10.2.1/../../../../arm-none-eabi/lib/thumb/v7e-m+fp/hard/libnosys.a
END GROUP
START GROUP
LOAD /opt/gcc-arm-none-eabi-10-2020-q4-major/bin/../lib/gcc/arm-none-eabi/10.2.1/thumb/v7e-m+fp/hard/libgcc.a
LOAD /opt/gcc-arm-none-eabi-10-2020-q4-major/bin/../lib/gcc/arm-none-eabi/10.2.1/../../../../arm-none-eabi/lib/thumb/v7e-m+fp/hard/libc_nano.a
LOAD /opt/gcc-arm-none-eabi-10-2020-q4-major/bin/../lib/gcc/arm-none-eabi/10.2.1/../../../../arm-none-eabi/lib/thumb/v7e-m+fp/hard/libnosys.a
END GROUP
LOAD /opt/gcc-arm-none-eabi-10-2020-q4-major/bin/../lib/gcc/arm-none-eabi/10.2.1/thumb/v7e-m+fp/hard/crtend.o
LOAD /opt/gcc-arm-none-eabi-10-2020-q4-major/bin/../lib/gcc/arm-none-eabi/10.2.1/thumb/v7e-m+fp/hard/crtn.o

.text           0x0000000000000000     0x77d3
 *(.isr_vector)
 .isr_vector    0x0000000000000000      0x124 /home/nitish/qorc-sdk/arm-examples/setup/blink/GCC_Project/output/vectors_CM4F_gcc.o
                0x0000000000000000                __Vectors
 *(.text*)
 .text          0x0000000000000124       0x40 /opt/gcc-arm-none-eabi-10-2020-q4-major/bin/../lib/gcc/arm-none-eabi/10.2.1/thumb/v7e-m+fp/hard/crtbegin.o
 .text          0x0000000000000164       0x7c /opt/gcc-arm-none-eabi-10-2020-q4-major/bin/../lib/gcc/arm-none-eabi/10.2.1/../../../../arm-none-eabi/lib/thumb/v7e-m+fp/hard/crt0.o
                0x0000000000000164                _stack_init
                0x000000000000016c                _mainCRTStartup
                0x000000000000016c                _start
 .text._write   0x00000000000001e0        0xe /home/nitish/qorc-sdk/arm-examples/setup/blink/GCC_Project/output/c_lib_retarget.o
                0x00000000000001e0                _write
 .text._close   0x00000000000001ee        0x6 /home/nitish/qorc-sdk/arm-examples/setup/blink/GCC_Project/output/c_lib_retarget.o
                0x00000000000001ee                _close
 .text._lseek   0x00000000000001f4        0x4 /home/nitish/qorc-sdk/arm-examples/setup/blink/GCC_Project/output/c_lib_retarget.o
                0x00000000000001f4                _lseek
 .text._read    0x00000000000001f8        0x4 /home/nitish/qorc-sdk/arm-examples/setup/blink/GCC_Project/output/c_lib_retarget.o
                0x00000000000001f8                _read
 .text.do_str_fetch
                0x00000000000001fc       0x3c /home/nitish/qorc-sdk/arm-examples/setup/blink/GCC_Project/output/cli_args.o
 .text.CLI_string_ptr_get_subcmd
                0x0000000000000238       0x20 /home/nitish/qorc-sdk/arm-examples/setup/blink/GCC_Project/output/cli_args.o
                0x0000000000000238                CLI_string_ptr_get_subcmd
 .text.CLI_numX_getshow_X
                0x0000000000000258      0x170 /home/nitish/qorc-sdk/arm-examples/setup/blink/GCC_Project/output/cli_args.o
                0x0000000000000258                CLI_numX_getshow_X
 .text.CLI_uint8_getshow
                0x00000000000003c8        0x8 /home/nitish/qorc-sdk/arm-examples/setup/blink/GCC_Project/output/cli_args.o
                0x00000000000003c8                CLI_uint8_getshow
 .text.append_key
                0x00000000000003d0       0x30 /home/nitish/qorc-sdk/arm-examples/setup/blink/GCC_Project/output/cli_io.o
 .text.get_key_ignore_null
                0x0000000000000400       0x18 /home/nitish/qorc-sdk/arm-examples/setup/blink/GCC_Project/output/cli_io.o
 .text.CLI_getkey_peek
                0x0000000000000418      0x110 /home/nitish/qorc-sdk/arm-examples/setup/blink/GCC_Project/output/cli_io.o
                0x0000000000000418                CLI_getkey_peek
 .text.CLI_getkey
                0x0000000000000528       0x30 /home/nitish/qorc-sdk/arm-examples/setup/blink/GCC_Project/output/cli_io.o
                0x0000000000000528                CLI_getkey
 .text.CLI_col0_timestamp
                0x0000000000000558       0x78 /home/nitish/qorc-sdk/arm-examples/setup/blink/GCC_Project/output/cli_io.o
                0x0000000000000558                CLI_col0_timestamp
 .text.CLI_putc
                0x00000000000005d0       0x4c /home/nitish/qorc-sdk/arm-examples/setup/blink/GCC_Project/output/cli_io.o
                0x00000000000005d0                CLI_putc
 .text.CLI_puts_no_nl
                0x000000000000061c       0x12 /home/nitish/qorc-sdk/arm-examples/setup/blink/GCC_Project/output/cli_io.o
                0x000000000000061c                CLI_puts_no_nl
 *fill*         0x000000000000062e        0x2 
 .text.CLI_vprintf
                0x0000000000000630       0x24 /home/nitish/qorc-sdk/arm-examples/setup/blink/GCC_Project/output/cli_io.o
                0x0000000000000630                CLI_vprintf
 .text.CLI_printf
                0x0000000000000654       0x1a /home/nitish/qorc-sdk/arm-examples/setup/blink/GCC_Project/output/cli_io.o
                0x0000000000000654                CLI_printf
 *fill*         0x000000000000066e        0x2 
 .text.handle_help
                0x0000000000000670       0xc4 /home/nitish/qorc-sdk/arm-examples/setup/blink/GCC_Project/output/cli_loop.o
 .text.CLI_cmd_stack_replace
                0x0000000000000734       0x10 /home/nitish/qorc-sdk/arm-examples/setup/blink/GCC_Project/output/cli_loop.o
                0x0000000000000734                CLI_cmd_stack_replace
 .text.CLI_cmd_stack_push
                0x0000000000000744       0x30 /home/nitish/qorc-sdk/arm-examples/setup/blink/GCC_Project/output/cli_loop.o
                0x0000000000000744                CLI_cmd_stack_push
 .text.CLI_cmd_stack_clear
                0x0000000000000774       0x24 /home/nitish/qorc-sdk/arm-examples/setup/blink/GCC_Project/output/cli_loop.o
                0x0000000000000774                CLI_cmd_stack_clear
 .text.CLI_cmd_stack_pop
                0x0000000000000798       0x40 /home/nitish/qorc-sdk/arm-examples/setup/blink/GCC_Project/output/cli_loop.o
                0x0000000000000798                CLI_cmd_stack_pop
 .text.handle_exit
                0x00000000000007d8       0x1c /home/nitish/qorc-sdk/arm-examples/setup/blink/GCC_Project/output/cli_loop.o
 .text.CLI_init
                0x00000000000007f4       0x24 /home/nitish/qorc-sdk/arm-examples/setup/blink/GCC_Project/output/cli_loop.o
                0x00000000000007f4                CLI_init
 .text.CLI_print_prompt
                0x0000000000000818       0x44 /home/nitish/qorc-sdk/arm-examples/setup/blink/GCC_Project/output/cli_loop.o
                0x0000000000000818                CLI_print_prompt
 .text.CLI_dispatch_subcmd
                0x000000000000085c       0x84 /home/nitish/qorc-sdk/arm-examples/setup/blink/GCC_Project/output/cli_loop.o
                0x000000000000085c                CLI_dispatch_subcmd
 .text.CLI_dispatch
                0x00000000000008e0       0xc0 /home/nitish/qorc-sdk/arm-examples/setup/blink/GCC_Project/output/cli_loop.o
 .text.CLI_submenu_handler
                0x00000000000009a0       0x30 /home/nitish/qorc-sdk/arm-examples/setup/blink/GCC_Project/output/cli_loop.o
                0x00000000000009a0                CLI_submenu_handler
 .text.CLI_verror
                0x00000000000009d0       0x40 /home/nitish/qorc-sdk/arm-examples/setup/blink/GCC_Project/output/cli_loop.o
                0x00000000000009d0                CLI_verror
 .text.CLI_rx_byte
                0x0000000000000a10       0xe8 /home/nitish/qorc-sdk/arm-examples/setup/blink/GCC_Project/output/cli_loop.o
                0x0000000000000a10                CLI_rx_byte
 .text.CLI_is_more_args
                0x0000000000000af8       0x14 /home/nitish/qorc-sdk/arm-examples/setup/blink/GCC_Project/output/cli_misc.o
                0x0000000000000af8                CLI_is_more_args
 .text.CLI_error
                0x0000000000000b0c       0x1a /home/nitish/qorc-sdk/arm-examples/setup/blink/GCC_Project/output/cli_misc.o
                0x0000000000000b0c                CLI_error
 *fill*         0x0000000000000b26        0x2 
 .text.CLI_error_missing_parameter
                0x0000000000000b28        0xc /home/nitish/qorc-sdk/arm-examples/setup/blink/GCC_Project/output/cli_misc.o
                0x0000000000000b28                CLI_error_missing_parameter
 .text.CLI_error_not_a_number
                0x0000000000000b34       0x10 /home/nitish/qorc-sdk/arm-examples/setup/blink/GCC_Project/output/cli_misc.o
                0x0000000000000b34                CLI_error_not_a_number
 .text.CLI_task
                0x0000000000000b44       0x54 /home/nitish/qorc-sdk/arm-examples/setup/blink/GCC_Project/output/cli_platform.o
                0x0000000000000b44                CLI_task
 .text.CLI_time_now
                0x0000000000000b98        0x4 /home/nitish/qorc-sdk/arm-examples/setup/blink/GCC_Project/output/cli_platform.o
                0x0000000000000b98                CLI_time_now
 .text.CLI_beep
                0x0000000000000b9c        0x6 /home/nitish/qorc-sdk/arm-examples/setup/blink/GCC_Project/output/cli_platform.o
                0x0000000000000b9c                CLI_beep
 .text.CLI_timeout_expired
                0x0000000000000ba2       0x22 /home/nitish/qorc-sdk/arm-examples/setup/blink/GCC_Project/output/cli_platform.o
                0x0000000000000ba2                CLI_timeout_expired
 .text.CLI_putc_raw
                0x0000000000000bc4        0x8 /home/nitish/qorc-sdk/arm-examples/setup/blink/GCC_Project/output/cli_platform.o
                0x0000000000000bc4                CLI_putc_raw
 .text.CLI_getkey_raw
                0x0000000000000bcc       0x3c /home/nitish/qorc-sdk/arm-examples/setup/blink/GCC_Project/output/cli_platform.o
                0x0000000000000bcc                CLI_getkey_raw
 .text.CLI_start_task
                0x0000000000000c08       0x58 /home/nitish/qorc-sdk/arm-examples/setup/blink/GCC_Project/output/cli_platform.o
                0x0000000000000c08                CLI_start_task
 .text.__debug_lockup
                0x0000000000000c60       0x14 /home/nitish/qorc-sdk/arm-examples/setup/blink/GCC_Project/output/dbg_uart.o
 .text._semihost_write
                0x0000000000000c74       0x50 /home/nitish/qorc-sdk/arm-examples/setup/blink/GCC_Project/output/dbg_uart.o
                0x0000000000000c74                _semihost_write
 .text.dbg_ch_raw
                0x0000000000000cc4       0x78 /home/nitish/qorc-sdk/arm-examples/setup/blink/GCC_Project/output/dbg_uart.o
                0x0000000000000cc4                dbg_ch_raw
 .text.dbg_nl   0x0000000000000d3c       0x12 /home/nitish/qorc-sdk/arm-examples/setup/blink/GCC_Project/output/dbg_uart.o
                0x0000000000000d3c                dbg_nl
 .text.dbg_ch   0x0000000000000d4e        0xc /home/nitish/qorc-sdk/arm-examples/setup/blink/GCC_Project/output/dbg_uart.o
                0x0000000000000d4e                dbg_ch
 .text.dbg_hex4
                0x0000000000000d5a       0x14 /home/nitish/qorc-sdk/arm-examples/setup/blink/GCC_Project/output/dbg_uart.o
 .text.dbg_hex8
                0x0000000000000d6e       0x14 /home/nitish/qorc-sdk/arm-examples/setup/blink/GCC_Project/output/dbg_uart.o
                0x0000000000000d6e                dbg_hex8
 .text.dbg_hex16
                0x0000000000000d82       0x14 /home/nitish/qorc-sdk/arm-examples/setup/blink/GCC_Project/output/dbg_uart.o
                0x0000000000000d82                dbg_hex16
 .text.dbg_hex32
                0x0000000000000d96       0x14 /home/nitish/qorc-sdk/arm-examples/setup/blink/GCC_Project/output/dbg_uart.o
                0x0000000000000d96                dbg_hex32
 .text._dbg_int
                0x0000000000000daa       0x20 /home/nitish/qorc-sdk/arm-examples/setup/blink/GCC_Project/output/dbg_uart.o
 .text.dbg_memdumpx
                0x0000000000000dca       0xea /home/nitish/qorc-sdk/arm-examples/setup/blink/GCC_Project/output/dbg_uart.o
 .text.dbg_str  0x0000000000000eb4       0x84 /home/nitish/qorc-sdk/arm-examples/setup/blink/GCC_Project/output/dbg_uart.o
                0x0000000000000eb4                dbg_str
 .text._dbg_str_xxx
                0x0000000000000f38       0x16 /home/nitish/qorc-sdk/arm-examples/setup/blink/GCC_Project/output/dbg_uart.o
 .text.dbg_str_hexXX
                0x0000000000000f4e       0x22 /home/nitish/qorc-sdk/arm-examples/setup/blink/GCC_Project/output/dbg_uart.o
 .text.dbg_int  0x0000000000000f70       0x24 /home/nitish/qorc-sdk/arm-examples/setup/blink/GCC_Project/output/dbg_uart.o
                0x0000000000000f70                dbg_int
 .text.dbg_str_str
                0x0000000000000f94       0x16 /home/nitish/qorc-sdk/arm-examples/setup/blink/GCC_Project/output/dbg_uart.o
                0x0000000000000f94                dbg_str_str
 .text.dbg_str_int
                0x0000000000000faa       0x16 /home/nitish/qorc-sdk/arm-examples/setup/blink/GCC_Project/output/dbg_uart.o
                0x0000000000000faa                dbg_str_int
 .text.dbg_str_hex32
                0x0000000000000fc0        0xc /home/nitish/qorc-sdk/arm-examples/setup/blink/GCC_Project/output/dbg_uart.o
                0x0000000000000fc0                dbg_str_hex32
 .text.dbg_fatal_error
                0x0000000000000fcc       0x12 /home/nitish/qorc-sdk/arm-examples/setup/blink/GCC_Project/output/dbg_uart.o
                0x0000000000000fcc                dbg_fatal_error
 .text.dbg_fatal_error_int
                0x0000000000000fde        0xe /home/nitish/qorc-sdk/arm-examples/setup/blink/GCC_Project/output/dbg_uart.o
                0x0000000000000fde                dbg_fatal_error_int
 .text.dbg_memdump32
                0x0000000000000fec       0x1e /home/nitish/qorc-sdk/arm-examples/setup/blink/GCC_Project/output/dbg_uart.o
                0x0000000000000fec                dbg_memdump32
 *fill*         0x000000000000100a        0x2 
 .text.HAL_PAD_Config
                0x000000000000100c      0x184 /home/nitish/qorc-sdk/arm-examples/setup/blink/GCC_Project/output/eoss3_hal_pad_config.o
                0x000000000000100c                HAL_PAD_Config
 .text.configure_s3_pads
                0x0000000000001190       0x1a /home/nitish/qorc-sdk/arm-examples/setup/blink/GCC_Project/output/eoss3_hal_pad_config.o
                0x0000000000001190                configure_s3_pads
 *fill*         0x00000000000011aa        0x2 
 .text.eoss3_rtc_enable_irq
                0x00000000000011ac       0x28 /home/nitish/qorc-sdk/arm-examples/setup/blink/GCC_Project/output/eoss3_hal_rtc.o
 .text.write_rtc_reg
                0x00000000000011d4       0x18 /home/nitish/qorc-sdk/arm-examples/setup/blink/GCC_Project/output/eoss3_hal_rtc.o
 .text.__rtc_setup_alarm.constprop.0
                0x00000000000011ec       0x44 /home/nitish/qorc-sdk/arm-examples/setup/blink/GCC_Project/output/eoss3_hal_rtc.o
 .text.HAL_RTC_ISR
                0x0000000000001230       0x24 /home/nitish/qorc-sdk/arm-examples/setup/blink/GCC_Project/output/eoss3_hal_rtc.o
                0x0000000000001230                HAL_RTC_ISR
 .text.unlock_spi1_bus
                0x0000000000001254       0x5c /home/nitish/qorc-sdk/arm-examples/setup/blink/GCC_Project/output/eoss3_hal_spi.o
                0x0000000000001254                unlock_spi1_bus
 .text.SPI_DMA_Complete
                0x00000000000012b0       0x88 /home/nitish/qorc-sdk/arm-examples/setup/blink/GCC_Project/output/eoss3_hal_spi.o
                0x00000000000012b0                SPI_DMA_Complete
 .text.HAL_SPI_IRQHandler
                0x0000000000001338       0x6c /home/nitish/qorc-sdk/arm-examples/setup/blink/GCC_Project/output/eoss3_hal_spi.o
                0x0000000000001338                HAL_SPI_IRQHandler
 .text.HAL_Delay_Init
                0x00000000000013a4       0x58 /home/nitish/qorc-sdk/arm-examples/setup/blink/GCC_Project/output/eoss3_hal_timer.o
                0x00000000000013a4                HAL_Delay_Init
 .text.HAL_Timer_ISR
                0x00000000000013fc       0x88 /home/nitish/qorc-sdk/arm-examples/setup/blink/GCC_Project/output/eoss3_hal_timer.o
                0x00000000000013fc                HAL_Timer_ISR
 .text.uart_disable_irqs
                0x0000000000001484       0x18 /home/nitish/qorc-sdk/arm-examples/setup/blink/GCC_Project/output/eoss3_hal_uart.o
 .text.uart_baud_rate
                0x000000000000149c       0x60 /home/nitish/qorc-sdk/arm-examples/setup/blink/GCC_Project/output/eoss3_hal_uart.o
 .text.is_hw_uart_enabled
                0x00000000000014fc       0x20 /home/nitish/qorc-sdk/arm-examples/setup/blink/GCC_Project/output/eoss3_hal_uart.o
 .text.uart_lpm_callback
                0x000000000000151c       0x74 /home/nitish/qorc-sdk/arm-examples/setup/blink/GCC_Project/output/eoss3_hal_uart.o
 .text.uart_init
                0x0000000000001590      0x168 /home/nitish/qorc-sdk/arm-examples/setup/blink/GCC_Project/output/eoss3_hal_uart.o
                0x0000000000001590                uart_init
 .text.uart_isr_handler
                0x00000000000016f8       0x90 /home/nitish/qorc-sdk/arm-examples/setup/blink/GCC_Project/output/eoss3_hal_uart.o
                0x00000000000016f8                uart_isr_handler
 .text.uart_tx_raw
                0x0000000000001788       0x38 /home/nitish/qorc-sdk/arm-examples/setup/blink/GCC_Project/output/eoss3_hal_uart.o
                0x0000000000001788                uart_tx_raw
 .text.uart_tx  0x00000000000017c0       0x1c /home/nitish/qorc-sdk/arm-examples/setup/blink/GCC_Project/output/eoss3_hal_uart.o
                0x00000000000017c0                uart_tx
 .text.uart_tx_buf
                0x00000000000017dc       0x1a /home/nitish/qorc-sdk/arm-examples/setup/blink/GCC_Project/output/eoss3_hal_uart.o
                0x00000000000017dc                uart_tx_buf
 *fill*         0x00000000000017f6        0x2 
 .text.uart_rx_wait
                0x00000000000017f8       0x34 /home/nitish/qorc-sdk/arm-examples/setup/blink/GCC_Project/output/eoss3_hal_uart.o
                0x00000000000017f8                uart_rx_wait
 .text.uart_rx_available
                0x000000000000182c       0x34 /home/nitish/qorc-sdk/arm-examples/setup/blink/GCC_Project/output/eoss3_hal_uart.o
                0x000000000000182c                uart_rx_available
 .text.uart_rx  0x0000000000001860       0x60 /home/nitish/qorc-sdk/arm-examples/setup/blink/GCC_Project/output/eoss3_hal_uart.o
                0x0000000000001860                uart_rx
 .text.WDT_ISR  0x00000000000018c0       0x8c /home/nitish/qorc-sdk/arm-examples/setup/blink/GCC_Project/output/eoss3_hal_wdt.o
                0x00000000000018c0                WDT_ISR
 .text.spurious_interrupt
                0x000000000000194c        0xc /home/nitish/qorc-sdk/arm-examples/setup/blink/GCC_Project/output/exceptions.o
 .text.prvGetRegistersFromStack
                0x0000000000001958       0xf0 /home/nitish/qorc-sdk/arm-examples/setup/blink/GCC_Project/output/exceptions.o
                0x0000000000001958                prvGetRegistersFromStack
 .text.HardFault_Handler
                0x0000000000001a48       0x16 /home/nitish/qorc-sdk/arm-examples/setup/blink/GCC_Project/output/exceptions.o
                0x0000000000001a48                HardFault_Handler
 .text.NMI_Handler
                0x0000000000001a5e        0x6 /home/nitish/qorc-sdk/arm-examples/setup/blink/GCC_Project/output/exceptions.o
                0x0000000000001a5e                NMI_Handler
 .text.MemManage_Handler
                0x0000000000001a64        0x6 /home/nitish/qorc-sdk/arm-examples/setup/blink/GCC_Project/output/exceptions.o
                0x0000000000001a64                MemManage_Handler
 .text.BusFault_Handler
                0x0000000000001a6a        0x6 /home/nitish/qorc-sdk/arm-examples/setup/blink/GCC_Project/output/exceptions.o
                0x0000000000001a6a                BusFault_Handler
 .text.UsageFault_Handler
                0x0000000000001a70        0x6 /home/nitish/qorc-sdk/arm-examples/setup/blink/GCC_Project/output/exceptions.o
                0x0000000000001a70                UsageFault_Handler
 .text.DebugMon_Handler
                0x0000000000001a76        0x6 /home/nitish/qorc-sdk/arm-examples/setup/blink/GCC_Project/output/exceptions.o
                0x0000000000001a76                DebugMon_Handler
 .text.Uart_Handler
                0x0000000000001a7c       0x50 /home/nitish/qorc-sdk/arm-examples/setup/blink/GCC_Project/output/exceptions.o
                0x0000000000001a7c                Uart_Handler
 .text.Timer_Handler
                0x0000000000001acc       0x24 /home/nitish/qorc-sdk/arm-examples/setup/blink/GCC_Project/output/exceptions.o
                0x0000000000001acc                Timer_Handler
 .text.CpuWdtInt_Handler
                0x0000000000001af0       0x24 /home/nitish/qorc-sdk/arm-examples/setup/blink/GCC_Project/output/exceptions.o
                0x0000000000001af0                CpuWdtInt_Handler
 .text.CpuWdtRst_Handler
                0x0000000000001b14        0x6 /home/nitish/qorc-sdk/arm-examples/setup/blink/GCC_Project/output/exceptions.o
                0x0000000000001b14                CpuWdtRst_Handler
 .text.BusTimeout_Handler
                0x0000000000001b1a        0x6 /home/nitish/qorc-sdk/arm-examples/setup/blink/GCC_Project/output/exceptions.o
                0x0000000000001b1a                BusTimeout_Handler
 .text.Fpu_Handler
                0x0000000000001b20        0x6 /home/nitish/qorc-sdk/arm-examples/setup/blink/GCC_Project/output/exceptions.o
                0x0000000000001b20                Fpu_Handler
 *fill*         0x0000000000001b26        0x2 
 .text.Pkfb_Handler
                0x0000000000001b28       0x10 /home/nitish/qorc-sdk/arm-examples/setup/blink/GCC_Project/output/exceptions.o
                0x0000000000001b28                Pkfb_Handler
 .text.I2s_Handler
                0x0000000000001b38        0x6 /home/nitish/qorc-sdk/arm-examples/setup/blink/GCC_Project/output/exceptions.o
                0x0000000000001b38                I2s_Handler
 .text.Audio_Handler
                0x0000000000001b3e        0x6 /home/nitish/qorc-sdk/arm-examples/setup/blink/GCC_Project/output/exceptions.o
                0x0000000000001b3e                Audio_Handler
 .text.SpiMs_Handler
                0x0000000000001b44       0x5c /home/nitish/qorc-sdk/arm-examples/setup/blink/GCC_Project/output/exceptions.o
                0x0000000000001b44                SpiMs_Handler
 .text.CfgDma_Handler
                0x0000000000001ba0       0x28 /home/nitish/qorc-sdk/arm-examples/setup/blink/GCC_Project/output/exceptions.o
                0x0000000000001ba0                CfgDma_Handler
 .text.PmuTimer_Handler
                0x0000000000001bc8        0x2 /home/nitish/qorc-sdk/arm-examples/setup/blink/GCC_Project/output/exceptions.o
                0x0000000000001bc8                PmuTimer_Handler
 .text.AdcDone_Handler
                0x0000000000001bca        0x8 /home/nitish/qorc-sdk/arm-examples/setup/blink/GCC_Project/output/exceptions.o
                0x0000000000001bca                AdcDone_Handler
 *fill*         0x0000000000001bd2        0x2 
 .text.RtcAlarm_Handler
                0x0000000000001bd4       0x1c /home/nitish/qorc-sdk/arm-examples/setup/blink/GCC_Project/output/exceptions.o
                0x0000000000001bd4                RtcAlarm_Handler
 .text.ResetInt_Handler
                0x0000000000001bf0        0x8 /home/nitish/qorc-sdk/arm-examples/setup/blink/GCC_Project/output/exceptions.o
                0x0000000000001bf0                ResetInt_Handler
 .text.Ffe0_Handler
                0x0000000000001bf8       0x18 /home/nitish/qorc-sdk/arm-examples/setup/blink/GCC_Project/output/exceptions.o
                0x0000000000001bf8                Ffe0_Handler
 .text.FbMsg_Handler
                0x0000000000001c10       0x6c /home/nitish/qorc-sdk/arm-examples/setup/blink/GCC_Project/output/exceptions.o
                0x0000000000001c10                FbMsg_Handler
 .text.SensorGpio_Handler
                0x0000000000001c7c        0x8 /home/nitish/qorc-sdk/arm-examples/setup/blink/GCC_Project/output/exceptions.o
                0x0000000000001c7c                SensorGpio_Handler
 .text.M4SramSleep_Handler
                0x0000000000001c84        0x8 /home/nitish/qorc-sdk/arm-examples/setup/blink/GCC_Project/output/exceptions.o
                0x0000000000001c84                M4SramSleep_Handler
 .text.LDO30_PG_Handler
                0x0000000000001c8c        0x8 /home/nitish/qorc-sdk/arm-examples/setup/blink/GCC_Project/output/exceptions.o
                0x0000000000001c8c                LDO30_PG_Handler
 .text.LDO50_PG_Handler
                0x0000000000001c94        0x8 /home/nitish/qorc-sdk/arm-examples/setup/blink/GCC_Project/output/exceptions.o
                0x0000000000001c94                LDO50_PG_Handler
 .text.DMIC_Voice_Det_Handler
                0x0000000000001c9c        0x8 /home/nitish/qorc-sdk/arm-examples/setup/blink/GCC_Project/output/exceptions.o
                0x0000000000001c9c                DMIC_Voice_Det_Handler
 .text.ApPDMClkOn_Handler
                0x0000000000001ca4        0x8 /home/nitish/qorc-sdk/arm-examples/setup/blink/GCC_Project/output/exceptions.o
                0x0000000000001ca4                ApPDMClkOn_Handler
 .text.ApPDMClkOff_Handler
                0x0000000000001cac        0x8 /home/nitish/qorc-sdk/arm-examples/setup/blink/GCC_Project/output/exceptions.o
                0x0000000000001cac                ApPDMClkOff_Handler
 .text.Dmac0BlkDone_Handler
                0x0000000000001cb4        0x8 /home/nitish/qorc-sdk/arm-examples/setup/blink/GCC_Project/output/exceptions.o
                0x0000000000001cb4                Dmac0BlkDone_Handler
 .text.Dmac0BufDone_Handler
                0x0000000000001cbc        0x8 /home/nitish/qorc-sdk/arm-examples/setup/blink/GCC_Project/output/exceptions.o
                0x0000000000001cbc                Dmac0BufDone_Handler
 .text.Dmac1BlkDone_Handler
                0x0000000000001cc4        0x8 /home/nitish/qorc-sdk/arm-examples/setup/blink/GCC_Project/output/exceptions.o
                0x0000000000001cc4                Dmac1BlkDone_Handler
 .text.Dmac1BufDone_Handler
                0x0000000000001ccc        0x8 /home/nitish/qorc-sdk/arm-examples/setup/blink/GCC_Project/output/exceptions.o
                0x0000000000001ccc                Dmac1BufDone_Handler
 .text.Sdma0Done_Handler
                0x0000000000001cd4        0x8 /home/nitish/qorc-sdk/arm-examples/setup/blink/GCC_Project/output/exceptions.o
                0x0000000000001cd4                Sdma0Done_Handler
 .text.Sdma1Done_Handler
                0x0000000000001cdc        0x8 /home/nitish/qorc-sdk/arm-examples/setup/blink/GCC_Project/output/exceptions.o
                0x0000000000001cdc                Sdma1Done_Handler
 .text.Sdma2Done_Handler
                0x0000000000001ce4        0x8 /home/nitish/qorc-sdk/arm-examples/setup/blink/GCC_Project/output/exceptions.o
                0x0000000000001ce4                Sdma2Done_Handler
 .text.Sdma3Done_Handler
                0x0000000000001cec        0x8 /home/nitish/qorc-sdk/arm-examples/setup/blink/GCC_Project/output/exceptions.o
                0x0000000000001cec                Sdma3Done_Handler
 .text.Sdma4Done_Handler
                0x0000000000001cf4        0x8 /home/nitish/qorc-sdk/arm-examples/setup/blink/GCC_Project/output/exceptions.o
                0x0000000000001cf4                Sdma4Done_Handler
 .text.Sdma5Done_Handler
                0x0000000000001cfc        0x8 /home/nitish/qorc-sdk/arm-examples/setup/blink/GCC_Project/output/exceptions.o
                0x0000000000001cfc                Sdma5Done_Handler
 .text.Sdma6Done_Handler
                0x0000000000001d04        0x8 /home/nitish/qorc-sdk/arm-examples/setup/blink/GCC_Project/output/exceptions.o
                0x0000000000001d04                Sdma6Done_Handler
 .text.Sdma7Done_Handler
                0x0000000000001d0c        0x8 /home/nitish/qorc-sdk/arm-examples/setup/blink/GCC_Project/output/exceptions.o
                0x0000000000001d0c                Sdma7Done_Handler
 .text.Sdma8Done_Handler
                0x0000000000001d14        0x8 /home/nitish/qorc-sdk/arm-examples/setup/blink/GCC_Project/output/exceptions.o
                0x0000000000001d14                Sdma8Done_Handler
 .text.Sdma9Done_Handler
                0x0000000000001d1c        0x8 /home/nitish/qorc-sdk/arm-examples/setup/blink/GCC_Project/output/exceptions.o
                0x0000000000001d1c                Sdma9Done_Handler
 .text.Sdma10Done_Handler
                0x0000000000001d24        0x8 /home/nitish/qorc-sdk/arm-examples/setup/blink/GCC_Project/output/exceptions.o
                0x0000000000001d24                Sdma10Done_Handler
 .text.Sdma11Done_Handler
                0x0000000000001d2c        0x8 /home/nitish/qorc-sdk/arm-examples/setup/blink/GCC_Project/output/exceptions.o
                0x0000000000001d2c                Sdma11Done_Handler
 .text.SdmaErr_Handler
                0x0000000000001d34        0x8 /home/nitish/qorc-sdk/arm-examples/setup/blink/GCC_Project/output/exceptions.o
                0x0000000000001d34                SdmaErr_Handler
 .text.I2S_SlvM4TxOr_Handler
                0x0000000000001d3c        0x8 /home/nitish/qorc-sdk/arm-examples/setup/blink/GCC_Project/output/exceptions.o
                0x0000000000001d3c                I2S_SlvM4TxOr_Handler
 .text.SRAM_128KB_Handler
                0x0000000000001d44        0x8 /home/nitish/qorc-sdk/arm-examples/setup/blink/GCC_Project/output/exceptions.o
                0x0000000000001d44                SRAM_128KB_Handler
 .text.LPSD_Voice_Det_Handler
                0x0000000000001d4c        0x8 /home/nitish/qorc-sdk/arm-examples/setup/blink/GCC_Project/output/exceptions.o
                0x0000000000001d4c                LPSD_Voice_Det_Handler
 .text.FfeWdt_Handler
                0x0000000000001d54        0x8 /home/nitish/qorc-sdk/arm-examples/setup/blink/GCC_Project/output/exceptions.o
                0x0000000000001d54                FfeWdt_Handler
 .text.ApBoot_Handler
                0x0000000000001d5c        0x8 /home/nitish/qorc-sdk/arm-examples/setup/blink/GCC_Project/output/exceptions.o
                0x0000000000001d5c                ApBoot_Handler
 .text.SwInt2_Handler
                0x0000000000001d64        0x8 /home/nitish/qorc-sdk/arm-examples/setup/blink/GCC_Project/output/exceptions.o
                0x0000000000001d64                SwInt2_Handler
 .text.SwInt1_Handler
                0x0000000000001d6c       0x24 /home/nitish/qorc-sdk/arm-examples/setup/blink/GCC_Project/output/exceptions.o
                0x0000000000001d6c                SwInt1_Handler
 .text.Ffe0Msg_Handler
                0x0000000000001d90        0x8 /home/nitish/qorc-sdk/arm-examples/setup/blink/GCC_Project/output/exceptions.o
                0x0000000000001d90                Ffe0Msg_Handler
 .text.lpsdVoiceOffHandler
                0x0000000000001d98        0x8 /home/nitish/qorc-sdk/arm-examples/setup/blink/GCC_Project/output/exceptions.o
                0x0000000000001d98                lpsdVoiceOffHandler
 .text.dmicVoiceOffHandler
                0x0000000000001da0        0x8 /home/nitish/qorc-sdk/arm-examples/setup/blink/GCC_Project/output/exceptions.o
                0x0000000000001da0                dmicVoiceOffHandler
 .text.vApplicationMallocFailedHook
                0x0000000000001da8       0x24 /home/nitish/qorc-sdk/arm-examples/setup/blink/GCC_Project/output/exceptions.o
                0x0000000000001da8                vApplicationMallocFailedHook
 .text.vApplicationStackOverflowHook
                0x0000000000001dcc       0x24 /home/nitish/qorc-sdk/arm-examples/setup/blink/GCC_Project/output/exceptions.o
                0x0000000000001dcc                vApplicationStackOverflowHook
 .text.vApplicationTickHook
                0x0000000000001df0        0x2 /home/nitish/qorc-sdk/arm-examples/setup/blink/GCC_Project/output/exceptions.o
                0x0000000000001df0                vApplicationTickHook
 *fill*         0x0000000000001df2        0x2 
 .text.prvInsertBlockIntoFreeList
                0x0000000000001df4       0x74 /home/nitish/qorc-sdk/arm-examples/setup/blink/GCC_Project/output/heap_4.o
 .text.pvPortMalloc
                0x0000000000001e68      0x19c /home/nitish/qorc-sdk/arm-examples/setup/blink/GCC_Project/output/heap_4.o
                0x0000000000001e68                pvPortMalloc
 .text.vPortFree
                0x0000000000002004       0xa0 /home/nitish/qorc-sdk/arm-examples/setup/blink/GCC_Project/output/heap_4.o
                0x0000000000002004                vPortFree
 .text.vListInitialise
                0x00000000000020a4       0x16 /home/nitish/qorc-sdk/arm-examples/setup/blink/GCC_Project/output/list.o
                0x00000000000020a4                vListInitialise
 .text.vListInitialiseItem
                0x00000000000020ba        0x6 /home/nitish/qorc-sdk/arm-examples/setup/blink/GCC_Project/output/list.o
                0x00000000000020ba                vListInitialiseItem
 .text.vListInsertEnd
                0x00000000000020c0       0x18 /home/nitish/qorc-sdk/arm-examples/setup/blink/GCC_Project/output/list.o
                0x00000000000020c0                vListInsertEnd
 .text.vListInsert
                0x00000000000020d8       0x2e /home/nitish/qorc-sdk/arm-examples/setup/blink/GCC_Project/output/list.o
                0x00000000000020d8                vListInsert
 .text.uxListRemove
                0x0000000000002106       0x20 /home/nitish/qorc-sdk/arm-examples/setup/blink/GCC_Project/output/list.o
                0x0000000000002106                uxListRemove
 .text.SystemInit
                0x0000000000002126        0x2 /home/nitish/qorc-sdk/arm-examples/setup/blink/GCC_Project/output/main.o
                0x0000000000002126                SystemInit
 .text.PyHal_GPIO_Set
                0x0000000000002128       0x30 /home/nitish/qorc-sdk/arm-examples/setup/blink/GCC_Project/output/main.o
                0x0000000000002128                PyHal_GPIO_Set
 .text.sevenseg
                0x0000000000002158       0x50 /home/nitish/qorc-sdk/arm-examples/setup/blink/GCC_Project/output/main.o
                0x0000000000002158                sevenseg
 .text.startup.main
                0x00000000000021a8       0xd8 /home/nitish/qorc-sdk/arm-examples/setup/blink/GCC_Project/output/main.o
                0x00000000000021a8                main
 .text.set_gpio_input
                0x0000000000002280       0x34 /home/nitish/qorc-sdk/arm-examples/setup/blink/GCC_Project/output/main_dbg_cli_menu.o
 .text.set_gpio_output
                0x00000000000022b4       0x64 /home/nitish/qorc-sdk/arm-examples/setup/blink/GCC_Project/output/main_dbg_cli_menu.o
 .text.get_gpio_value
                0x0000000000002318       0x50 /home/nitish/qorc-sdk/arm-examples/setup/blink/GCC_Project/output/main_dbg_cli_menu.o
 .text.prvTaskExitError
                0x0000000000002368       0x50 /home/nitish/qorc-sdk/arm-examples/setup/blink/GCC_Project/output/port.o
 .text.pxPortInitialiseStack
                0x00000000000023b8       0x2c /home/nitish/qorc-sdk/arm-examples/setup/blink/GCC_Project/output/port.o
                0x00000000000023b8                pxPortInitialiseStack
 *fill*         0x00000000000023e4        0xc 
 .text.SVC_Handler
                0x00000000000023f0       0x24 /home/nitish/qorc-sdk/arm-examples/setup/blink/GCC_Project/output/port.o
                0x00000000000023f0                SVC_Handler
 .text.vPortEnterCritical
                0x0000000000002414       0x58 /home/nitish/qorc-sdk/arm-examples/setup/blink/GCC_Project/output/port.o
                0x0000000000002414                vPortEnterCritical
 .text.vPortExitCritical
                0x000000000000246c       0x3c /home/nitish/qorc-sdk/arm-examples/setup/blink/GCC_Project/output/port.o
                0x000000000000246c                vPortExitCritical
 *fill*         0x00000000000024a8        0x8 
 .text.PendSV_Handler
                0x00000000000024b0       0x64 /home/nitish/qorc-sdk/arm-examples/setup/blink/GCC_Project/output/port.o
                0x00000000000024b0                PendSV_Handler
 .text.xPortSysTickHandler
                0x0000000000002514       0x2c /home/nitish/qorc-sdk/arm-examples/setup/blink/GCC_Project/output/port.o
                0x0000000000002514                xPortSysTickHandler
 .text.vPortValidateInterruptPriority
                0x0000000000002540       0x7c /home/nitish/qorc-sdk/arm-examples/setup/blink/GCC_Project/output/port.o
                0x0000000000002540                vPortValidateInterruptPriority
 .text.system_init
                0x00000000000025bc       0x6c /home/nitish/qorc-sdk/arm-examples/setup/blink/GCC_Project/output/qf_hardwaresetup.o
                0x00000000000025bc                system_init
 .text.qf_hardwareSetup
                0x0000000000002628       0x74 /home/nitish/qorc-sdk/arm-examples/setup/blink/GCC_Project/output/qf_hardwaresetup.o
                0x0000000000002628                qf_hardwareSetup
 .text.prvIsQueueEmpty
                0x000000000000269c       0x16 /home/nitish/qorc-sdk/arm-examples/setup/blink/GCC_Project/output/queue.o
 .text.prvCopyDataToQueue
                0x00000000000026b2       0x78 /home/nitish/qorc-sdk/arm-examples/setup/blink/GCC_Project/output/queue.o
 .text.prvCopyDataFromQueue
                0x000000000000272a       0x2c /home/nitish/qorc-sdk/arm-examples/setup/blink/GCC_Project/output/queue.o
 .text.prvUnlockQueue
                0x0000000000002756       0x70 /home/nitish/qorc-sdk/arm-examples/setup/blink/GCC_Project/output/queue.o
 *fill*         0x00000000000027c6        0x2 
 .text.xQueueGenericReset
                0x00000000000027c8       0x90 /home/nitish/qorc-sdk/arm-examples/setup/blink/GCC_Project/output/queue.o
                0x00000000000027c8                xQueueGenericReset
 .text.xQueueGenericCreate
                0x0000000000002858       0x74 /home/nitish/qorc-sdk/arm-examples/setup/blink/GCC_Project/output/queue.o
                0x0000000000002858                xQueueGenericCreate
 .text.xQueueGenericSend
                0x00000000000028cc      0x19c /home/nitish/qorc-sdk/arm-examples/setup/blink/GCC_Project/output/queue.o
                0x00000000000028cc                xQueueGenericSend
 .text.xQueueGenericSendFromISR
                0x0000000000002a68       0xf0 /home/nitish/qorc-sdk/arm-examples/setup/blink/GCC_Project/output/queue.o
                0x0000000000002a68                xQueueGenericSendFromISR
 .text.xQueueGenericSendFromISRDebug
                0x0000000000002b58       0x30 /home/nitish/qorc-sdk/arm-examples/setup/blink/GCC_Project/output/queue.o
                0x0000000000002b58                xQueueGenericSendFromISRDebug
 .text.xQueueGiveFromISR
                0x0000000000002b88       0xdc /home/nitish/qorc-sdk/arm-examples/setup/blink/GCC_Project/output/queue.o
                0x0000000000002b88                xQueueGiveFromISR
 .text.xQueueReceive
                0x0000000000002c64      0x160 /home/nitish/qorc-sdk/arm-examples/setup/blink/GCC_Project/output/queue.o
                0x0000000000002c64                xQueueReceive
 .text.xQueueSemaphoreTake
                0x0000000000002dc4      0x1ac /home/nitish/qorc-sdk/arm-examples/setup/blink/GCC_Project/output/queue.o
                0x0000000000002dc4                xQueueSemaphoreTake
 .text.xQueuePeek
                0x0000000000002f70      0x160 /home/nitish/qorc-sdk/arm-examples/setup/blink/GCC_Project/output/queue.o
                0x0000000000002f70                xQueuePeek
 .text.uxQueueMessagesWaiting
                0x00000000000030d0       0x3c /home/nitish/qorc-sdk/arm-examples/setup/blink/GCC_Project/output/queue.o
                0x00000000000030d0                uxQueueMessagesWaiting
 .text.vQueueAddToRegistry
                0x000000000000310c       0x24 /home/nitish/qorc-sdk/arm-examples/setup/blink/GCC_Project/output/queue.o
                0x000000000000310c                vQueueAddToRegistry
 .text.s3x_clkd_write_div
                0x0000000000003130       0xa8 /home/nitish/qorc-sdk/arm-examples/setup/blink/GCC_Project/output/s3x_clock.o
 .text.s3x_clkd_read_div
                0x00000000000031d8       0x44 /home/nitish/qorc-sdk/arm-examples/setup/blink/GCC_Project/output/s3x_clock.o
 .text.s3x_clkd_cal_div
                0x000000000000321c       0x38 /home/nitish/qorc-sdk/arm-examples/setup/blink/GCC_Project/output/s3x_clock.o
 .text.S3x_Id_To_Domain
                0x0000000000003254       0x1c /home/nitish/qorc-sdk/arm-examples/setup/blink/GCC_Project/output/s3x_clock.o
                0x0000000000003254                S3x_Id_To_Domain
 .text.s3x_clkd_update_div_val
                0x0000000000003270       0x42 /home/nitish/qorc-sdk/arm-examples/setup/blink/GCC_Project/output/s3x_clock.o
                0x0000000000003270                s3x_clkd_update_div_val
 .text.s3x_clkd_update_fd_rate
                0x00000000000032b2        0xe /home/nitish/qorc-sdk/arm-examples/setup/blink/GCC_Project/output/s3x_clock.o
                0x00000000000032b2                s3x_clkd_update_fd_rate
 .text.s3x_clkd_update_sd_div
                0x00000000000032c0       0x5c /home/nitish/qorc-sdk/arm-examples/setup/blink/GCC_Project/output/s3x_clock.o
 .text.s3x_clkd_update_all_src_div
                0x000000000000331c       0xd4 /home/nitish/qorc-sdk/arm-examples/setup/blink/GCC_Project/output/s3x_clock.o
                0x000000000000331c                s3x_clkd_update_all_src_div
 .text.S3x_Clkd_Get_Hsosc_Rate
                0x00000000000033f0       0x30 /home/nitish/qorc-sdk/arm-examples/setup/blink/GCC_Project/output/s3x_clock.o
                0x00000000000033f0                S3x_Clkd_Get_Hsosc_Rate
 .text.S3x_Clkd_Change_Hsosc
                0x0000000000003420       0x70 /home/nitish/qorc-sdk/arm-examples/setup/blink/GCC_Project/output/s3x_clock.o
                0x0000000000003420                S3x_Clkd_Change_Hsosc
 .text.s3x_clkd_get_src_rate
                0x0000000000003490       0x12 /home/nitish/qorc-sdk/arm-examples/setup/blink/GCC_Project/output/s3x_clock.o
                0x0000000000003490                s3x_clkd_get_src_rate
 *fill*         0x00000000000034a2        0x2 
 .text.s3x_clkd_get_div
                0x00000000000034a4       0x60 /home/nitish/qorc-sdk/arm-examples/setup/blink/GCC_Project/output/s3x_clock.o
                0x00000000000034a4                s3x_clkd_get_div
 .text.s3x_clkd_srate
                0x0000000000003504      0x158 /home/nitish/qorc-sdk/arm-examples/setup/blink/GCC_Project/output/s3x_clock.o
 .text.s3x_clkd_grate
                0x000000000000365c       0x8c /home/nitish/qorc-sdk/arm-examples/setup/blink/GCC_Project/output/s3x_clock.o
 .text.s3x_clkd_set_src_div_st.isra.0
                0x00000000000036e8       0x4a /home/nitish/qorc-sdk/arm-examples/setup/blink/GCC_Project/output/s3x_clock.o
 *fill*         0x0000000000003732        0x2 
 .text.s3x_update_clk_rate
                0x0000000000003734       0xb0 /home/nitish/qorc-sdk/arm-examples/setup/blink/GCC_Project/output/s3x_clock.o
                0x0000000000003734                s3x_update_clk_rate
 .text.s3x_clkd_get_gate_mask_st
                0x00000000000037e4       0x16 /home/nitish/qorc-sdk/arm-examples/setup/blink/GCC_Project/output/s3x_clock.o
                0x00000000000037e4                s3x_clkd_get_gate_mask_st
 *fill*         0x00000000000037fa        0x2 
 .text.s3x_clkd_set_gate_mask
                0x00000000000037fc       0x50 /home/nitish/qorc-sdk/arm-examples/setup/blink/GCC_Project/output/s3x_clock.o
                0x00000000000037fc                s3x_clkd_set_gate_mask
 .text.s3x_clkd_enable_gate
                0x000000000000384c       0x68 /home/nitish/qorc-sdk/arm-examples/setup/blink/GCC_Project/output/s3x_clock.o
 .text.s3x_clkd_disable_gate
                0x00000000000038b4       0x54 /home/nitish/qorc-sdk/arm-examples/setup/blink/GCC_Project/output/s3x_clock.o
 .text._S3x_Clk_Enable
                0x0000000000003908       0xb8 /home/nitish/qorc-sdk/arm-examples/setup/blink/GCC_Project/output/s3x_clock.o
                0x0000000000003908                _S3x_Clk_Enable
 .text._S3x_Clk_Disable
                0x00000000000039c0       0xcc /home/nitish/qorc-sdk/arm-examples/setup/blink/GCC_Project/output/s3x_clock.o
                0x00000000000039c0                _S3x_Clk_Disable
 .text._S3x_Clk_Get_Status
                0x0000000000003a8c       0x2c /home/nitish/qorc-sdk/arm-examples/setup/blink/GCC_Project/output/s3x_clock.o
                0x0000000000003a8c                _S3x_Clk_Get_Status
 .text._S3x_Clk_Get_Rate
                0x0000000000003ab8       0x28 /home/nitish/qorc-sdk/arm-examples/setup/blink/GCC_Project/output/s3x_clock.o
                0x0000000000003ab8                _S3x_Clk_Get_Rate
 .text.S3x_Clk_Init
                0x0000000000003ae0      0x160 /home/nitish/qorc-sdk/arm-examples/setup/blink/GCC_Project/output/s3x_clock.o
                0x0000000000003ae0                S3x_Clk_Init
 .text.S3x_Clk_Enable
                0x0000000000003c40        0x4 /home/nitish/qorc-sdk/arm-examples/setup/blink/GCC_Project/output/s3x_clock_hal.o
                0x0000000000003c40                S3x_Clk_Enable
 .text.S3x_Clk_Disable
                0x0000000000003c44        0x4 /home/nitish/qorc-sdk/arm-examples/setup/blink/GCC_Project/output/s3x_clock_hal.o
                0x0000000000003c44                S3x_Clk_Disable
 .text.S3x_Clk_Get_Rate
                0x0000000000003c48        0x4 /home/nitish/qorc-sdk/arm-examples/setup/blink/GCC_Project/output/s3x_clock_hal.o
                0x0000000000003c48                S3x_Clk_Get_Rate
 .text.DFS_cpuload
                0x0000000000003c4c       0x4c /home/nitish/qorc-sdk/arm-examples/setup/blink/GCC_Project/output/s3x_cpuload.o
                0x0000000000003c4c                DFS_cpuload
 .text.DFS_resetsleepticks
                0x0000000000003c98        0xc /home/nitish/qorc-sdk/arm-examples/setup/blink/GCC_Project/output/s3x_cpuload.o
                0x0000000000003c98                DFS_resetsleepticks
 .text.DFS_UpdateTimer
                0x0000000000003ca4       0x5c /home/nitish/qorc-sdk/arm-examples/setup/blink/GCC_Project/output/s3x_dfs.o
 .text.DFS_StartTimer
                0x0000000000003d00       0x88 /home/nitish/qorc-sdk/arm-examples/setup/blink/GCC_Project/output/s3x_dfs.o
                0x0000000000003d00                DFS_StartTimer
 .text.S3x_Set_Policy
                0x0000000000003d88       0xfc /home/nitish/qorc-sdk/arm-examples/setup/blink/GCC_Project/output/s3x_dfs.o
                0x0000000000003d88                S3x_Set_Policy
 .text.S3x_get_max_rate_dfs_node
                0x0000000000003e84       0x28 /home/nitish/qorc-sdk/arm-examples/setup/blink/GCC_Project/output/s3x_dfs.o
                0x0000000000003e84                S3x_get_max_rate_dfs_node
 .text.S3x_Stepup_Policy
                0x0000000000003eac       0x7c /home/nitish/qorc-sdk/arm-examples/setup/blink/GCC_Project/output/s3x_dfs.o
 .text.DFS_TimerCB
                0x0000000000003f28        0xe /home/nitish/qorc-sdk/arm-examples/setup/blink/GCC_Project/output/s3x_dfs.o
 *fill*         0x0000000000003f36        0x2 
 .text.DFS_Get_Curr_Policy
                0x0000000000003f38        0xc /home/nitish/qorc-sdk/arm-examples/setup/blink/GCC_Project/output/s3x_dfs.o
                0x0000000000003f38                DFS_Get_Curr_Policy
 .text.DFS_Initialize
                0x0000000000003f44       0x14 /home/nitish/qorc-sdk/arm-examples/setup/blink/GCC_Project/output/s3x_dfs.o
                0x0000000000003f44                DFS_Initialize
 .text.S3x_Register_Lpm_Cb
                0x0000000000003f58       0x40 /home/nitish/qorc-sdk/arm-examples/setup/blink/GCC_Project/output/s3x_lpm.o
                0x0000000000003f58                S3x_Register_Lpm_Cb
 .text.s3x_setup_systick_interrupt
                0x0000000000003f98       0x4a /home/nitish/qorc-sdk/arm-examples/setup/blink/GCC_Project/output/s3x_lpm.o
                0x0000000000003f98                s3x_setup_systick_interrupt
 .text.SysTick_Handler
                0x0000000000003fe2       0x12 /home/nitish/qorc-sdk/arm-examples/setup/blink/GCC_Project/output/s3x_lpm.o
                0x0000000000003fe2                SysTick_Handler
 .text.s3x_get_pi
                0x0000000000003ff4       0x20 /home/nitish/qorc-sdk/arm-examples/setup/blink/GCC_Project/output/s3x_pi.o
                0x0000000000003ff4                s3x_get_pi
 .text.s3x_get_pi_gindex
                0x0000000000004014       0x14 /home/nitish/qorc-sdk/arm-examples/setup/blink/GCC_Project/output/s3x_pi.o
                0x0000000000004014                s3x_get_pi_gindex
 .text.s3x_pi_get_st
                0x0000000000004028       0x22 /home/nitish/qorc-sdk/arm-examples/setup/blink/GCC_Project/output/s3x_pi.o
                0x0000000000004028                s3x_pi_get_st
 *fill*         0x000000000000404a        0x2 
 .text.s3x_pi_set_cfg_st
                0x000000000000404c       0x8c /home/nitish/qorc-sdk/arm-examples/setup/blink/GCC_Project/output/s3x_pi.o
                0x000000000000404c                s3x_pi_set_cfg_st
 .text.s3x_pi_set_active_st
                0x00000000000040d8       0xa4 /home/nitish/qorc-sdk/arm-examples/setup/blink/GCC_Project/output/s3x_pi.o
                0x00000000000040d8                s3x_pi_set_active_st
 .text.s3x_pi_get_clkg_st
                0x000000000000417c       0x36 /home/nitish/qorc-sdk/arm-examples/setup/blink/GCC_Project/output/s3x_pi.o
                0x000000000000417c                s3x_pi_get_clkg_st
 .text.s3x_pi_set_clkg_st
                0x00000000000041b2       0x26 /home/nitish/qorc-sdk/arm-examples/setup/blink/GCC_Project/output/s3x_pi.o
                0x00000000000041b2                s3x_pi_set_clkg_st
 .text.s3x_set_pi_state
                0x00000000000041d8        0xc /home/nitish/qorc-sdk/arm-examples/setup/blink/GCC_Project/output/s3x_pi.o
                0x00000000000041d8                s3x_set_pi_state
 .text.s3x_get_pi_init_state
                0x00000000000041e4       0x18 /home/nitish/qorc-sdk/arm-examples/setup/blink/GCC_Project/output/s3x_pi.o
                0x00000000000041e4                s3x_get_pi_init_state
 .text.S3x_pi_init
                0x00000000000041fc       0x24 /home/nitish/qorc-sdk/arm-examples/setup/blink/GCC_Project/output/s3x_pi.o
                0x00000000000041fc                S3x_pi_init
 .text.S3x_pwrcfg_init
                0x0000000000004220       0x2c /home/nitish/qorc-sdk/arm-examples/setup/blink/GCC_Project/output/s3x_pwrcfg.o
                0x0000000000004220                S3x_pwrcfg_init
 .text.S3x_get_qos_rate
                0x000000000000424c       0x38 /home/nitish/qorc-sdk/arm-examples/setup/blink/GCC_Project/output/s3x_qos.o
                0x000000000000424c                S3x_get_qos_rate
 .text.save_assert_info
                0x0000000000004284       0x74 /home/nitish/qorc-sdk/arm-examples/setup/blink/GCC_Project/output/sec_debug.o
                0x0000000000004284                save_assert_info
 .text.invoke_soft_fault
                0x00000000000042f8       0x20 /home/nitish/qorc-sdk/arm-examples/setup/blink/GCC_Project/output/sec_debug.o
                0x00000000000042f8                invoke_soft_fault
 .text.Reset_Handler
                0x0000000000004318       0x30 /home/nitish/qorc-sdk/arm-examples/setup/blink/GCC_Project/output/startup_EOSS3B_GCC.o
                0x0000000000004318                Reset_Handler
 .text.__semihost_call
                0x0000000000004348        0x6 /home/nitish/qorc-sdk/arm-examples/setup/blink/GCC_Project/output/startup_EOSS3B_GCC.o
                0x0000000000004348                __semihost_call
 *fill*         0x000000000000434e        0x2 
 .text.prvAddCurrentTaskToDelayedList
                0x0000000000004350       0x88 /home/nitish/qorc-sdk/arm-examples/setup/blink/GCC_Project/output/tasks.o
 .text.prvResetNextTaskUnblockTime
                0x00000000000043d8       0x24 /home/nitish/qorc-sdk/arm-examples/setup/blink/GCC_Project/output/tasks.o
 .text.xTaskCreate
                0x00000000000043fc      0x1dc /home/nitish/qorc-sdk/arm-examples/setup/blink/GCC_Project/output/tasks.o
                0x00000000000043fc                xTaskCreate
 .text.vTaskSuspendAll
                0x00000000000045d8       0x10 /home/nitish/qorc-sdk/arm-examples/setup/blink/GCC_Project/output/tasks.o
                0x00000000000045d8                vTaskSuspendAll
 .text.xTaskGetTickCount
                0x00000000000045e8        0xc /home/nitish/qorc-sdk/arm-examples/setup/blink/GCC_Project/output/tasks.o
                0x00000000000045e8                xTaskGetTickCount
 .text.xTaskIncrementTick
                0x00000000000045f4      0x14c /home/nitish/qorc-sdk/arm-examples/setup/blink/GCC_Project/output/tasks.o
                0x00000000000045f4                xTaskIncrementTick
 .text.xTaskResumeAll
                0x0000000000004740      0x100 /home/nitish/qorc-sdk/arm-examples/setup/blink/GCC_Project/output/tasks.o
                0x0000000000004740                xTaskResumeAll
 .text.vTaskDelay
                0x0000000000004840       0x60 /home/nitish/qorc-sdk/arm-examples/setup/blink/GCC_Project/output/tasks.o
                0x0000000000004840                vTaskDelay
 .text.vTaskSwitchContext
                0x00000000000048a0       0xb8 /home/nitish/qorc-sdk/arm-examples/setup/blink/GCC_Project/output/tasks.o
                0x00000000000048a0                vTaskSwitchContext
 .text.vTaskPlaceOnEventList
                0x0000000000004958       0x48 /home/nitish/qorc-sdk/arm-examples/setup/blink/GCC_Project/output/tasks.o
                0x0000000000004958                vTaskPlaceOnEventList
 .text.xTaskRemoveFromEventList
                0x00000000000049a0       0x9c /home/nitish/qorc-sdk/arm-examples/setup/blink/GCC_Project/output/tasks.o
                0x00000000000049a0                xTaskRemoveFromEventList
 .text.vTaskInternalSetTimeOutState
                0x0000000000004a3c       0x18 /home/nitish/qorc-sdk/arm-examples/setup/blink/GCC_Project/output/tasks.o
                0x0000000000004a3c                vTaskInternalSetTimeOutState
 .text.xTaskCheckForTimeOut
                0x0000000000004a54       0x94 /home/nitish/qorc-sdk/arm-examples/setup/blink/GCC_Project/output/tasks.o
                0x0000000000004a54                xTaskCheckForTimeOut
 .text.vTaskMissedYield
                0x0000000000004ae8        0xc /home/nitish/qorc-sdk/arm-examples/setup/blink/GCC_Project/output/tasks.o
                0x0000000000004ae8                vTaskMissedYield
 .text.uxTaskGetTCBNumber
                0x0000000000004af4       0x14 /home/nitish/qorc-sdk/arm-examples/setup/blink/GCC_Project/output/tasks.o
                0x0000000000004af4                uxTaskGetTCBNumber
 .text.xTaskGetCurrentTaskHandle
                0x0000000000004b08        0xc /home/nitish/qorc-sdk/arm-examples/setup/blink/GCC_Project/output/tasks.o
                0x0000000000004b08                xTaskGetCurrentTaskHandle
 .text.xTaskGetSchedulerState
                0x0000000000004b14       0x20 /home/nitish/qorc-sdk/arm-examples/setup/blink/GCC_Project/output/tasks.o
                0x0000000000004b14                xTaskGetSchedulerState
 .text.xTaskPriorityInherit
                0x0000000000004b34       0xa4 /home/nitish/qorc-sdk/arm-examples/setup/blink/GCC_Project/output/tasks.o
                0x0000000000004b34                xTaskPriorityInherit
 .text.xTaskPriorityDisinherit
                0x0000000000004bd8       0xc4 /home/nitish/qorc-sdk/arm-examples/setup/blink/GCC_Project/output/tasks.o
                0x0000000000004bd8                xTaskPriorityDisinherit
 .text.vTaskPriorityDisinheritAfterTimeout
                0x0000000000004c9c       0xd8 /home/nitish/qorc-sdk/arm-examples/setup/blink/GCC_Project/output/tasks.o
                0x0000000000004c9c                vTaskPriorityDisinheritAfterTimeout
 .text.pvTaskIncrementMutexHeldCount
                0x0000000000004d74       0x18 /home/nitish/qorc-sdk/arm-examples/setup/blink/GCC_Project/output/tasks.o
                0x0000000000004d74                pvTaskIncrementMutexHeldCount
 .text.prvCheckForValidListAndQueue
                0x0000000000004d8c       0x58 /home/nitish/qorc-sdk/arm-examples/setup/blink/GCC_Project/output/timers.o
 .text.xTimerCreate
                0x0000000000004de4       0x58 /home/nitish/qorc-sdk/arm-examples/setup/blink/GCC_Project/output/timers.o
                0x0000000000004de4                xTimerCreate
 .text.xTimerGenericCommand
                0x0000000000004e3c       0x70 /home/nitish/qorc-sdk/arm-examples/setup/blink/GCC_Project/output/timers.o
                0x0000000000004e3c                xTimerGenericCommand
 .text          0x0000000000004eac       0x30 /opt/gcc-arm-none-eabi-10-2020-q4-major/bin/../lib/gcc/arm-none-eabi/10.2.1/thumb/v7e-m+fp/hard/libgcc.a(_aeabi_uldivmod.o)
                0x0000000000004eac                __aeabi_uldivmod
 .text          0x0000000000004edc      0x2d0 /opt/gcc-arm-none-eabi-10-2020-q4-major/bin/../lib/gcc/arm-none-eabi/10.2.1/thumb/v7e-m+fp/hard/libgcc.a(_udivmoddi4.o)
                0x0000000000004edc                __udivmoddi4
 .text          0x00000000000051ac        0x4 /opt/gcc-arm-none-eabi-10-2020-q4-major/bin/../lib/gcc/arm-none-eabi/10.2.1/thumb/v7e-m+fp/hard/libgcc.a(_dvmd_tls.o)
                0x00000000000051ac                __aeabi_ldiv0
                0x00000000000051ac                __aeabi_idiv0
 .text.exit     0x00000000000051b0       0x28 /opt/gcc-arm-none-eabi-10-2020-q4-major/bin/../lib/gcc/arm-none-eabi/10.2.1/../../../../arm-none-eabi/lib/thumb/v7e-m+fp/hard/libg_nano.a(lib_a-exit.o)
                0x00000000000051b0                exit
 .text.__libc_init_array
                0x00000000000051d8       0x48 /opt/gcc-arm-none-eabi-10-2020-q4-major/bin/../lib/gcc/arm-none-eabi/10.2.1/../../../../arm-none-eabi/lib/thumb/v7e-m+fp/hard/libg_nano.a(lib_a-init.o)
                0x00000000000051d8                __libc_init_array
 .text.memcpy   0x0000000000005220       0x1c /opt/gcc-arm-none-eabi-10-2020-q4-major/bin/../lib/gcc/arm-none-eabi/10.2.1/../../../../arm-none-eabi/lib/thumb/v7e-m+fp/hard/libg_nano.a(lib_a-memcpy-stub.o)
                0x0000000000005220                memcpy
 .text.memmove  0x000000000000523c       0x34 /opt/gcc-arm-none-eabi-10-2020-q4-major/bin/../lib/gcc/arm-none-eabi/10.2.1/../../../../arm-none-eabi/lib/thumb/v7e-m+fp/hard/libg_nano.a(lib_a-memmove.o)
                0x000000000000523c                memmove
 .text.memset   0x0000000000005270       0x10 /opt/gcc-arm-none-eabi-10-2020-q4-major/bin/../lib/gcc/arm-none-eabi/10.2.1/../../../../arm-none-eabi/lib/thumb/v7e-m+fp/hard/libg_nano.a(lib_a-memset.o)
                0x0000000000005270                memset
 .text._free_r  0x0000000000005280       0x98 /opt/gcc-arm-none-eabi-10-2020-q4-major/bin/../lib/gcc/arm-none-eabi/10.2.1/../../../../arm-none-eabi/lib/thumb/v7e-m+fp/hard/libg_nano.a(lib_a-nano-freer.o)
                0x0000000000005280                _free_r
 .text._malloc_r
                0x0000000000005318       0xb4 /opt/gcc-arm-none-eabi-10-2020-q4-major/bin/../lib/gcc/arm-none-eabi/10.2.1/../../../../arm-none-eabi/lib/thumb/v7e-m+fp/hard/libg_nano.a(lib_a-nano-mallocr.o)
                0x0000000000005318                _malloc_r
 .text.printf   0x00000000000053cc       0x30 /opt/gcc-arm-none-eabi-10-2020-q4-major/bin/../lib/gcc/arm-none-eabi/10.2.1/../../../../arm-none-eabi/lib/thumb/v7e-m+fp/hard/libg_nano.a(lib_a-printf.o)
                0x00000000000053cc                printf
                0x00000000000053cc                iprintf
 .text._puts_r  0x00000000000053fc       0xdc /opt/gcc-arm-none-eabi-10-2020-q4-major/bin/../lib/gcc/arm-none-eabi/10.2.1/../../../../arm-none-eabi/lib/thumb/v7e-m+fp/hard/libg_nano.a(lib_a-puts.o)
                0x00000000000053fc                _puts_r
 .text.puts     0x00000000000054d8       0x10 /opt/gcc-arm-none-eabi-10-2020-q4-major/bin/../lib/gcc/arm-none-eabi/10.2.1/../../../../arm-none-eabi/lib/thumb/v7e-m+fp/hard/libg_nano.a(lib_a-puts.o)
                0x00000000000054d8                puts
 .text._sbrk_r  0x00000000000054e8       0x20 /opt/gcc-arm-none-eabi-10-2020-q4-major/bin/../lib/gcc/arm-none-eabi/10.2.1/../../../../arm-none-eabi/lib/thumb/v7e-m+fp/hard/libg_nano.a(lib_a-sbrkr.o)
                0x00000000000054e8                _sbrk_r
 .text          0x0000000000005508       0x1c /opt/gcc-arm-none-eabi-10-2020-q4-major/bin/../lib/gcc/arm-none-eabi/10.2.1/../../../../arm-none-eabi/lib/thumb/v7e-m+fp/hard/libg_nano.a(lib_a-setjmp.o)
                0x0000000000005508                setjmp
                0x0000000000005514                longjmp
 .text.snprintf
                0x0000000000005524       0x68 /opt/gcc-arm-none-eabi-10-2020-q4-major/bin/../lib/gcc/arm-none-eabi/10.2.1/../../../../arm-none-eabi/lib/thumb/v7e-m+fp/hard/libg_nano.a(lib_a-snprintf.o)
                0x0000000000005524                snprintf
                0x0000000000005524                sniprintf
 .text.sprintf  0x000000000000558c       0x40 /opt/gcc-arm-none-eabi-10-2020-q4-major/bin/../lib/gcc/arm-none-eabi/10.2.1/../../../../arm-none-eabi/lib/thumb/v7e-m+fp/hard/libg_nano.a(lib_a-sprintf.o)
                0x000000000000558c                sprintf
                0x000000000000558c                siprintf
 .text.strchr   0x00000000000055cc       0x1a /opt/gcc-arm-none-eabi-10-2020-q4-major/bin/../lib/gcc/arm-none-eabi/10.2.1/../../../../arm-none-eabi/lib/thumb/v7e-m+fp/hard/libg_nano.a(lib_a-strchr.o)
                0x00000000000055cc                strchr
 .text          0x00000000000055e6       0x14 /opt/gcc-arm-none-eabi-10-2020-q4-major/bin/../lib/gcc/arm-none-eabi/10.2.1/../../../../arm-none-eabi/lib/thumb/v7e-m+fp/hard/libg_nano.a(lib_a-strcmp.o)
                0x00000000000055e6                strcmp
 .text.strcpy   0x00000000000055fa       0x10 /opt/gcc-arm-none-eabi-10-2020-q4-major/bin/../lib/gcc/arm-none-eabi/10.2.1/../../../../arm-none-eabi/lib/thumb/v7e-m+fp/hard/libg_nano.a(lib_a-strcpy.o)
                0x00000000000055fa                strcpy
 .text          0x000000000000560a       0x10 /opt/gcc-arm-none-eabi-10-2020-q4-major/bin/../lib/gcc/arm-none-eabi/10.2.1/../../../../arm-none-eabi/lib/thumb/v7e-m+fp/hard/libg_nano.a(lib_a-strlen.o)
                0x000000000000560a                strlen
 .text.strncpy  0x000000000000561a       0x26 /opt/gcc-arm-none-eabi-10-2020-q4-major/bin/../lib/gcc/arm-none-eabi/10.2.1/../../../../arm-none-eabi/lib/thumb/v7e-m+fp/hard/libg_nano.a(lib_a-strncpy.o)
                0x000000000000561a                strncpy
 .text.strrchr  0x0000000000005640       0x28 /opt/gcc-arm-none-eabi-10-2020-q4-major/bin/../lib/gcc/arm-none-eabi/10.2.1/../../../../arm-none-eabi/lib/thumb/v7e-m+fp/hard/libg_nano.a(lib_a-strrchr.o)
                0x0000000000005640                strrchr
 .text.__strtok_r
                0x0000000000005668       0x50 /opt/gcc-arm-none-eabi-10-2020-q4-major/bin/../lib/gcc/arm-none-eabi/10.2.1/../../../../arm-none-eabi/lib/thumb/v7e-m+fp/hard/libg_nano.a(lib_a-strtok_r.o)
                0x0000000000005668                __strtok_r
 .text.strtok_r
                0x00000000000056b8        0x6 /opt/gcc-arm-none-eabi-10-2020-q4-major/bin/../lib/gcc/arm-none-eabi/10.2.1/../../../../arm-none-eabi/lib/thumb/v7e-m+fp/hard/libg_nano.a(lib_a-strtok_r.o)
                0x00000000000056b8                strtok_r
 *fill*         0x00000000000056be        0x2 
 .text._strtoll_l.constprop.0
                0x00000000000056c0      0x12c /opt/gcc-arm-none-eabi-10-2020-q4-major/bin/../lib/gcc/arm-none-eabi/10.2.1/../../../../arm-none-eabi/lib/thumb/v7e-m+fp/hard/libg_nano.a(lib_a-strtoll.o)
 .text.strtoll  0x00000000000057ec       0x14 /opt/gcc-arm-none-eabi-10-2020-q4-major/bin/../lib/gcc/arm-none-eabi/10.2.1/../../../../arm-none-eabi/lib/thumb/v7e-m+fp/hard/libg_nano.a(lib_a-strtoll.o)
                0x00000000000057ec                strtoll
 .text._strtoull_l.constprop.0
                0x0000000000005800      0x130 /opt/gcc-arm-none-eabi-10-2020-q4-major/bin/../lib/gcc/arm-none-eabi/10.2.1/../../../../arm-none-eabi/lib/thumb/v7e-m+fp/hard/libg_nano.a(lib_a-strtoull.o)
 .text.strtoull
                0x0000000000005930       0x14 /opt/gcc-arm-none-eabi-10-2020-q4-major/bin/../lib/gcc/arm-none-eabi/10.2.1/../../../../arm-none-eabi/lib/thumb/v7e-m+fp/hard/libg_nano.a(lib_a-strtoull.o)
                0x0000000000005930                strtoull
 .text._vsnprintf_r
                0x0000000000005944       0x56 /opt/gcc-arm-none-eabi-10-2020-q4-major/bin/../lib/gcc/arm-none-eabi/10.2.1/../../../../arm-none-eabi/lib/thumb/v7e-m+fp/hard/libg_nano.a(lib_a-vsnprintf.o)
                0x0000000000005944                _vsnprintf_r
                0x0000000000005944                _vsniprintf_r
 *fill*         0x000000000000599a        0x2 
 .text.vsnprintf
                0x000000000000599c       0x1c /opt/gcc-arm-none-eabi-10-2020-q4-major/bin/../lib/gcc/arm-none-eabi/10.2.1/../../../../arm-none-eabi/lib/thumb/v7e-m+fp/hard/libg_nano.a(lib_a-vsnprintf.o)
                0x000000000000599c                vsnprintf
                0x000000000000599c                vsniprintf
 .text.__swbuf_r
                0x00000000000059b8       0xa4 /opt/gcc-arm-none-eabi-10-2020-q4-major/bin/../lib/gcc/arm-none-eabi/10.2.1/../../../../arm-none-eabi/lib/thumb/v7e-m+fp/hard/libg_nano.a(lib_a-wbuf.o)
                0x00000000000059b8                __swbuf_r
 .text.__swsetup_r
                0x0000000000005a5c       0xdc /opt/gcc-arm-none-eabi-10-2020-q4-major/bin/../lib/gcc/arm-none-eabi/10.2.1/../../../../arm-none-eabi/lib/thumb/v7e-m+fp/hard/libg_nano.a(lib_a-wsetup.o)
                0x0000000000005a5c                __swsetup_r
 .text.__sflush_r
                0x0000000000005b38      0x10c /opt/gcc-arm-none-eabi-10-2020-q4-major/bin/../lib/gcc/arm-none-eabi/10.2.1/../../../../arm-none-eabi/lib/thumb/v7e-m+fp/hard/libg_nano.a(lib_a-fflush.o)
                0x0000000000005b38                __sflush_r
 .text._fflush_r
                0x0000000000005c44       0x78 /opt/gcc-arm-none-eabi-10-2020-q4-major/bin/../lib/gcc/arm-none-eabi/10.2.1/../../../../arm-none-eabi/lib/thumb/v7e-m+fp/hard/libg_nano.a(lib_a-fflush.o)
                0x0000000000005c44                _fflush_r
 .text.std      0x0000000000005cbc       0x48 /opt/gcc-arm-none-eabi-10-2020-q4-major/bin/../lib/gcc/arm-none-eabi/10.2.1/../../../../arm-none-eabi/lib/thumb/v7e-m+fp/hard/libg_nano.a(lib_a-findfp.o)
 .text._cleanup_r
                0x0000000000005d04        0xc /opt/gcc-arm-none-eabi-10-2020-q4-major/bin/../lib/gcc/arm-none-eabi/10.2.1/../../../../arm-none-eabi/lib/thumb/v7e-m+fp/hard/libg_nano.a(lib_a-findfp.o)
                0x0000000000005d04                _cleanup_r
 .text.__sfmoreglue
                0x0000000000005d10       0x2c /opt/gcc-arm-none-eabi-10-2020-q4-major/bin/../lib/gcc/arm-none-eabi/10.2.1/../../../../arm-none-eabi/lib/thumb/v7e-m+fp/hard/libg_nano.a(lib_a-findfp.o)
                0x0000000000005d10                __sfmoreglue
 .text.__sfp_lock_acquire
                0x0000000000005d3c        0xc /opt/gcc-arm-none-eabi-10-2020-q4-major/bin/../lib/gcc/arm-none-eabi/10.2.1/../../../../arm-none-eabi/lib/thumb/v7e-m+fp/hard/libg_nano.a(lib_a-findfp.o)
                0x0000000000005d3c                __sfp_lock_acquire
 .text.__sfp_lock_release
                0x0000000000005d48        0xc /opt/gcc-arm-none-eabi-10-2020-q4-major/bin/../lib/gcc/arm-none-eabi/10.2.1/../../../../arm-none-eabi/lib/thumb/v7e-m+fp/hard/libg_nano.a(lib_a-findfp.o)
                0x0000000000005d48                __sfp_lock_release
 .text.__sinit_lock_acquire
                0x0000000000005d54        0xc /opt/gcc-arm-none-eabi-10-2020-q4-major/bin/../lib/gcc/arm-none-eabi/10.2.1/../../../../arm-none-eabi/lib/thumb/v7e-m+fp/hard/libg_nano.a(lib_a-findfp.o)
                0x0000000000005d54                __sinit_lock_acquire
 .text.__sinit_lock_release
                0x0000000000005d60        0xc /opt/gcc-arm-none-eabi-10-2020-q4-major/bin/../lib/gcc/arm-none-eabi/10.2.1/../../../../arm-none-eabi/lib/thumb/v7e-m+fp/hard/libg_nano.a(lib_a-findfp.o)
                0x0000000000005d60                __sinit_lock_release
 .text.__sinit  0x0000000000005d6c       0x70 /opt/gcc-arm-none-eabi-10-2020-q4-major/bin/../lib/gcc/arm-none-eabi/10.2.1/../../../../arm-none-eabi/lib/thumb/v7e-m+fp/hard/libg_nano.a(lib_a-findfp.o)
                0x0000000000005d6c                __sinit
 .text.__sfp    0x0000000000005ddc       0x8c /opt/gcc-arm-none-eabi-10-2020-q4-major/bin/../lib/gcc/arm-none-eabi/10.2.1/../../../../arm-none-eabi/lib/thumb/v7e-m+fp/hard/libg_nano.a(lib_a-findfp.o)
                0x0000000000005ddc                __sfp
 .text._fwalk_reent
                0x0000000000005e68       0x3e /opt/gcc-arm-none-eabi-10-2020-q4-major/bin/../lib/gcc/arm-none-eabi/10.2.1/../../../../arm-none-eabi/lib/thumb/v7e-m+fp/hard/libg_nano.a(lib_a-fwalk.o)
                0x0000000000005e68                _fwalk_reent
 .text.__retarget_lock_init_recursive
                0x0000000000005ea6        0x2 /opt/gcc-arm-none-eabi-10-2020-q4-major/bin/../lib/gcc/arm-none-eabi/10.2.1/../../../../arm-none-eabi/lib/thumb/v7e-m+fp/hard/libg_nano.a(lib_a-lock.o)
                0x0000000000005ea6                __retarget_lock_init_recursive
 .text.__retarget_lock_acquire_recursive
                0x0000000000005ea8        0x2 /opt/gcc-arm-none-eabi-10-2020-q4-major/bin/../lib/gcc/arm-none-eabi/10.2.1/../../../../arm-none-eabi/lib/thumb/v7e-m+fp/hard/libg_nano.a(lib_a-lock.o)
                0x0000000000005ea8                __retarget_lock_acquire_recursive
 .text.__retarget_lock_release_recursive
                0x0000000000005eaa        0x2 /opt/gcc-arm-none-eabi-10-2020-q4-major/bin/../lib/gcc/arm-none-eabi/10.2.1/../../../../arm-none-eabi/lib/thumb/v7e-m+fp/hard/libg_nano.a(lib_a-lock.o)
                0x0000000000005eaa                __retarget_lock_release_recursive
 .text.__swhatbuf_r
                0x0000000000005eac       0x4a /opt/gcc-arm-none-eabi-10-2020-q4-major/bin/../lib/gcc/arm-none-eabi/10.2.1/../../../../arm-none-eabi/lib/thumb/v7e-m+fp/hard/libg_nano.a(lib_a-makebuf.o)
                0x0000000000005eac                __swhatbuf_r
 *fill*         0x0000000000005ef6        0x2 
 .text.__smakebuf_r
                0x0000000000005ef8       0x80 /opt/gcc-arm-none-eabi-10-2020-q4-major/bin/../lib/gcc/arm-none-eabi/10.2.1/../../../../arm-none-eabi/lib/thumb/v7e-m+fp/hard/libg_nano.a(lib_a-makebuf.o)
                0x0000000000005ef8                __smakebuf_r
 .text.__malloc_lock
                0x0000000000005f78        0xc /opt/gcc-arm-none-eabi-10-2020-q4-major/bin/../lib/gcc/arm-none-eabi/10.2.1/../../../../arm-none-eabi/lib/thumb/v7e-m+fp/hard/libg_nano.a(lib_a-mlock.o)
                0x0000000000005f78                __malloc_lock
 .text.__malloc_unlock
                0x0000000000005f84        0xc /opt/gcc-arm-none-eabi-10-2020-q4-major/bin/../lib/gcc/arm-none-eabi/10.2.1/../../../../arm-none-eabi/lib/thumb/v7e-m+fp/hard/libg_nano.a(lib_a-mlock.o)
                0x0000000000005f84                __malloc_unlock
 .text.__ssputs_r
                0x0000000000005f90       0xb6 /opt/gcc-arm-none-eabi-10-2020-q4-major/bin/../lib/gcc/arm-none-eabi/10.2.1/../../../../arm-none-eabi/lib/thumb/v7e-m+fp/hard/libg_nano.a(lib_a-nano-svfprintf.o)
                0x0000000000005f90                __ssputs_r
 *fill*         0x0000000000006046        0x2 
 .text._svfprintf_r
                0x0000000000006048      0x200 /opt/gcc-arm-none-eabi-10-2020-q4-major/bin/../lib/gcc/arm-none-eabi/10.2.1/../../../../arm-none-eabi/lib/thumb/v7e-m+fp/hard/libg_nano.a(lib_a-nano-svfprintf.o)
                0x0000000000006048                _svfprintf_r
                0x0000000000006048                _svfiprintf_r
 .text.__sfputc_r
                0x0000000000006248       0x2e /opt/gcc-arm-none-eabi-10-2020-q4-major/bin/../lib/gcc/arm-none-eabi/10.2.1/../../../../arm-none-eabi/lib/thumb/v7e-m+fp/hard/libg_nano.a(lib_a-nano-vfprintf.o)
 .text.__sfputs_r
                0x0000000000006276       0x24 /opt/gcc-arm-none-eabi-10-2020-q4-major/bin/../lib/gcc/arm-none-eabi/10.2.1/../../../../arm-none-eabi/lib/thumb/v7e-m+fp/hard/libg_nano.a(lib_a-nano-vfprintf.o)
                0x0000000000006276                __sfputs_r
 *fill*         0x000000000000629a        0x2 
 .text._vfprintf_r
                0x000000000000629c      0x260 /opt/gcc-arm-none-eabi-10-2020-q4-major/bin/../lib/gcc/arm-none-eabi/10.2.1/../../../../arm-none-eabi/lib/thumb/v7e-m+fp/hard/libg_nano.a(lib_a-nano-vfprintf.o)
                0x000000000000629c                _vfiprintf_r
                0x000000000000629c                _vfprintf_r
 .text._printf_common
                0x00000000000064fc       0xda /opt/gcc-arm-none-eabi-10-2020-q4-major/bin/../lib/gcc/arm-none-eabi/10.2.1/../../../../arm-none-eabi/lib/thumb/v7e-m+fp/hard/libg_nano.a(lib_a-nano-vfprintf_i.o)
                0x00000000000064fc                _printf_common
 *fill*         0x00000000000065d6        0x2 
 .text._printf_i
                0x00000000000065d8      0x24c /opt/gcc-arm-none-eabi-10-2020-q4-major/bin/../lib/gcc/arm-none-eabi/10.2.1/../../../../arm-none-eabi/lib/thumb/v7e-m+fp/hard/libg_nano.a(lib_a-nano-vfprintf_i.o)
                0x00000000000065d8                _printf_i
 .text.__sread  0x0000000000006824       0x22 /opt/gcc-arm-none-eabi-10-2020-q4-major/bin/../lib/gcc/arm-none-eabi/10.2.1/../../../../arm-none-eabi/lib/thumb/v7e-m+fp/hard/libg_nano.a(lib_a-stdio.o)
                0x0000000000006824                __sread
 .text.__swrite
                0x0000000000006846       0x38 /opt/gcc-arm-none-eabi-10-2020-q4-major/bin/../lib/gcc/arm-none-eabi/10.2.1/../../../../arm-none-eabi/lib/thumb/v7e-m+fp/hard/libg_nano.a(lib_a-stdio.o)
                0x0000000000006846                __swrite
 .text.__sseek  0x000000000000687e       0x24 /opt/gcc-arm-none-eabi-10-2020-q4-major/bin/../lib/gcc/arm-none-eabi/10.2.1/../../../../arm-none-eabi/lib/thumb/v7e-m+fp/hard/libg_nano.a(lib_a-stdio.o)
                0x000000000000687e                __sseek
 .text.__sclose
                0x00000000000068a2        0x8 /opt/gcc-arm-none-eabi-10-2020-q4-major/bin/../lib/gcc/arm-none-eabi/10.2.1/../../../../arm-none-eabi/lib/thumb/v7e-m+fp/hard/libg_nano.a(lib_a-stdio.o)
                0x00000000000068a2                __sclose
 *fill*         0x00000000000068aa        0x2 
 .text._write_r
                0x00000000000068ac       0x24 /opt/gcc-arm-none-eabi-10-2020-q4-major/bin/../lib/gcc/arm-none-eabi/10.2.1/../../../../arm-none-eabi/lib/thumb/v7e-m+fp/hard/libg_nano.a(lib_a-writer.o)
                0x00000000000068ac                _write_r
 .text._close_r
                0x00000000000068d0       0x20 /opt/gcc-arm-none-eabi-10-2020-q4-major/bin/../lib/gcc/arm-none-eabi/10.2.1/../../../../arm-none-eabi/lib/thumb/v7e-m+fp/hard/libg_nano.a(lib_a-closer.o)
                0x00000000000068d0                _close_r
 .text._fstat_r
                0x00000000000068f0       0x24 /opt/gcc-arm-none-eabi-10-2020-q4-major/bin/../lib/gcc/arm-none-eabi/10.2.1/../../../../arm-none-eabi/lib/thumb/v7e-m+fp/hard/libg_nano.a(lib_a-fstatr.o)
                0x00000000000068f0                _fstat_r
 .text._isatty_r
                0x0000000000006914       0x20 /opt/gcc-arm-none-eabi-10-2020-q4-major/bin/../lib/gcc/arm-none-eabi/10.2.1/../../../../arm-none-eabi/lib/thumb/v7e-m+fp/hard/libg_nano.a(lib_a-isattyr.o)
                0x0000000000006914                _isatty_r
 .text._lseek_r
                0x0000000000006934       0x24 /opt/gcc-arm-none-eabi-10-2020-q4-major/bin/../lib/gcc/arm-none-eabi/10.2.1/../../../../arm-none-eabi/lib/thumb/v7e-m+fp/hard/libg_nano.a(lib_a-lseekr.o)
                0x0000000000006934                _lseek_r
 *fill*         0x0000000000006958        0x8 
 .text          0x0000000000006960       0xa0 /opt/gcc-arm-none-eabi-10-2020-q4-major/bin/../lib/gcc/arm-none-eabi/10.2.1/../../../../arm-none-eabi/lib/thumb/v7e-m+fp/hard/libg_nano.a(lib_a-memchr.o)
                0x0000000000006960                memchr
 .text._realloc_r
                0x0000000000006a00       0x4c /opt/gcc-arm-none-eabi-10-2020-q4-major/bin/../lib/gcc/arm-none-eabi/10.2.1/../../../../arm-none-eabi/lib/thumb/v7e-m+fp/hard/libg_nano.a(lib_a-nano-reallocr.o)
                0x0000000000006a00                _realloc_r
 .text._read_r  0x0000000000006a4c       0x24 /opt/gcc-arm-none-eabi-10-2020-q4-major/bin/../lib/gcc/arm-none-eabi/10.2.1/../../../../arm-none-eabi/lib/thumb/v7e-m+fp/hard/libg_nano.a(lib_a-readr.o)
                0x0000000000006a4c                _read_r
 .text._malloc_usable_size_r
                0x0000000000006a70       0x10 /opt/gcc-arm-none-eabi-10-2020-q4-major/bin/../lib/gcc/arm-none-eabi/10.2.1/../../../../arm-none-eabi/lib/thumb/v7e-m+fp/hard/libg_nano.a(lib_a-nano-msizer.o)
                0x0000000000006a70                _malloc_usable_size_r
 .text._fstat   0x0000000000006a80       0x10 /opt/gcc-arm-none-eabi-10-2020-q4-major/bin/../lib/gcc/arm-none-eabi/10.2.1/../../../../arm-none-eabi/lib/thumb/v7e-m+fp/hard/libnosys.a(fstat.o)
                0x0000000000006a80                _fstat
 .text._isatty  0x0000000000006a90       0x10 /opt/gcc-arm-none-eabi-10-2020-q4-major/bin/../lib/gcc/arm-none-eabi/10.2.1/../../../../arm-none-eabi/lib/thumb/v7e-m+fp/hard/libnosys.a(isatty.o)
                0x0000000000006a90                _isatty
 .text._sbrk    0x0000000000006aa0       0x1c /opt/gcc-arm-none-eabi-10-2020-q4-major/bin/../lib/gcc/arm-none-eabi/10.2.1/../../../../arm-none-eabi/lib/thumb/v7e-m+fp/hard/libnosys.a(sbrk.o)
                0x0000000000006aa0                _sbrk
 .text._exit    0x0000000000006abc        0x4 /opt/gcc-arm-none-eabi-10-2020-q4-major/bin/../lib/gcc/arm-none-eabi/10.2.1/../../../../arm-none-eabi/lib/thumb/v7e-m+fp/hard/libnosys.a(_exit.o)
                0x0000000000006abc                _exit
 *(.init)
 .init          0x0000000000006ac0        0x4 /opt/gcc-arm-none-eabi-10-2020-q4-major/bin/../lib/gcc/arm-none-eabi/10.2.1/thumb/v7e-m+fp/hard/crti.o
                0x0000000000006ac0                _init
 .init          0x0000000000006ac4        0x8 /opt/gcc-arm-none-eabi-10-2020-q4-major/bin/../lib/gcc/arm-none-eabi/10.2.1/thumb/v7e-m+fp/hard/crtn.o
 *(.fini)
 .fini          0x0000000000006acc        0x4 /opt/gcc-arm-none-eabi-10-2020-q4-major/bin/../lib/gcc/arm-none-eabi/10.2.1/thumb/v7e-m+fp/hard/crti.o
                0x0000000000006acc                _fini
 .fini          0x0000000000006ad0        0x8 /opt/gcc-arm-none-eabi-10-2020-q4-major/bin/../lib/gcc/arm-none-eabi/10.2.1/thumb/v7e-m+fp/hard/crtn.o
 *crtbegin.o(.ctors)
 *crtbegin?.o(.ctors)
 *(EXCLUDE_FILE(*crtend.o *crtend?.o) .ctors)
 *(SORT_BY_NAME(.ctors.*))
 *(.ctors)
 *crtbegin.o(.dtors)
 *crtbegin?.o(.dtors)
 *(EXCLUDE_FILE(*crtend.o *crtend?.o) .dtors)
 *(SORT_BY_NAME(.dtors.*))
 *(.dtors)
 *(.rodata*)
 .rodata.CLI_string_ptr_get_subcmd.str1.1
                0x0000000000006ad8        0xc /home/nitish/qorc-sdk/arm-examples/setup/blink/GCC_Project/output/cli_args.o
 .rodata.CLI_numX_getshow_X.str1.1
                0x0000000000006ae4       0x23 /home/nitish/qorc-sdk/arm-examples/setup/blink/GCC_Project/output/cli_args.o
 .rodata.handle_help.str1.1
                0x0000000000006b07       0x2e /home/nitish/qorc-sdk/arm-examples/setup/blink/GCC_Project/output/cli_loop.o
                                         0x33 (size before relaxing)
 .rodata.CLI_cmd_stack_push.str1.1
                0x0000000000006b35       0x1a /home/nitish/qorc-sdk/arm-examples/setup/blink/GCC_Project/output/cli_loop.o
 .rodata.CLI_cmd_stack_pop.str1.1
                0x0000000000006b4f       0x16 /home/nitish/qorc-sdk/arm-examples/setup/blink/GCC_Project/output/cli_loop.o
 .rodata.handle_exit.str1.1
                0x0000000000006b65        0xa /home/nitish/qorc-sdk/arm-examples/setup/blink/GCC_Project/output/cli_loop.o
 .rodata.CLI_print_prompt.str1.1
                0x0000000000006b6f        0xd /home/nitish/qorc-sdk/arm-examples/setup/blink/GCC_Project/output/cli_loop.o
 .rodata.CLI_dispatch_subcmd.str1.1
                0x0000000000006b7c       0x2a /home/nitish/qorc-sdk/arm-examples/setup/blink/GCC_Project/output/cli_loop.o
 .rodata.CLI_dispatch.str1.1
                0x0000000000006ba6       0x21 /home/nitish/qorc-sdk/arm-examples/setup/blink/GCC_Project/output/cli_loop.o
 .rodata.CLI_verror.str1.1
                0x0000000000006bc7        0x8 /home/nitish/qorc-sdk/arm-examples/setup/blink/GCC_Project/output/cli_loop.o
 .rodata.CLI_rx_byte.str1.1
                0x0000000000006bcf        0x9 /home/nitish/qorc-sdk/arm-examples/setup/blink/GCC_Project/output/cli_loop.o
 .rodata.str1.1
                0x0000000000006bd8       0x21 /home/nitish/qorc-sdk/arm-examples/setup/blink/GCC_Project/output/cli_loop.o
                                         0x26 (size before relaxing)
 .rodata._backspace.0
                0x0000000000006bf9        0x4 /home/nitish/qorc-sdk/arm-examples/setup/blink/GCC_Project/output/cli_loop.o
 *fill*         0x0000000000006bfd        0x3 
 .rodata.std_cmds
                0x0000000000006c00       0x40 /home/nitish/qorc-sdk/arm-examples/setup/blink/GCC_Project/output/cli_loop.o
 .rodata.CLI_error_missing_parameter.str1.1
                0x0000000000006c40        0xd /home/nitish/qorc-sdk/arm-examples/setup/blink/GCC_Project/output/cli_misc.o
 .rodata.CLI_error_not_a_number.str1.1
                0x0000000000006c4d       0x17 /home/nitish/qorc-sdk/arm-examples/setup/blink/GCC_Project/output/cli_misc.o
 .rodata.CLI_task.str1.1
                0x0000000000006c64       0x42 /home/nitish/qorc-sdk/arm-examples/setup/blink/GCC_Project/output/cli_platform.o
 .rodata.CLI_start_task.str1.1
                0x0000000000006ca6       0x6c /home/nitish/qorc-sdk/arm-examples/setup/blink/GCC_Project/output/cli_platform.o
 .rodata.dbg_str.str1.1
                0x0000000000006d12        0x3 /home/nitish/qorc-sdk/arm-examples/setup/blink/GCC_Project/output/dbg_uart.o
 .rodata._colon_tt.0
                0x0000000000006d15        0x4 /home/nitish/qorc-sdk/arm-examples/setup/blink/GCC_Project/output/dbg_uart.o
 .rodata.HAL_PAD_Config.str1.1
                0x0000000000006d19       0x66 /home/nitish/qorc-sdk/arm-examples/setup/blink/GCC_Project/output/eoss3_hal_pad_config.o
 .rodata.IO_INPUT_PAD_SEL
                0x0000000000006d7f       0x10 /home/nitish/qorc-sdk/arm-examples/setup/blink/GCC_Project/output/eoss3_hal_pad_config.o
                0x0000000000006d7f                IO_INPUT_PAD_SEL
 .rodata.SEL_EXT_PAD_REGS
                0x0000000000006d8f      0x160 /home/nitish/qorc-sdk/arm-examples/setup/blink/GCC_Project/output/eoss3_hal_pad_config.o
                0x0000000000006d8f                SEL_EXT_PAD_REGS
 .rodata.unlock_spi1_bus.str1.1
                0x0000000000006eef       0x36 /home/nitish/qorc-sdk/arm-examples/setup/blink/GCC_Project/output/eoss3_hal_spi.o
 .rodata.SendEventToTimerThread.str1.1
                0x0000000000006f25       0x82 /home/nitish/qorc-sdk/arm-examples/setup/blink/GCC_Project/output/eoss3_hal_timer.o
 .rodata.HAL_Timer_ISR.str1.1
                0x0000000000006fa7       0x20 /home/nitish/qorc-sdk/arm-examples/setup/blink/GCC_Project/output/eoss3_hal_timer.o
 .rodata.__FUNCTION__.6
                0x0000000000006fc7        0xe /home/nitish/qorc-sdk/arm-examples/setup/blink/GCC_Project/output/eoss3_hal_timer.o
 .rodata.uart_init.str1.1
                0x0000000000006fd5        0xc /home/nitish/qorc-sdk/arm-examples/setup/blink/GCC_Project/output/eoss3_hal_uart.o
 *fill*         0x0000000000006fe1        0x3 
 .rodata.CSWTCH.25
                0x0000000000006fe4       0x28 /home/nitish/qorc-sdk/arm-examples/setup/blink/GCC_Project/output/eoss3_hal_uart.o
 .rodata.WDT_ISR.str1.1
                0x000000000000700c       0x4d /home/nitish/qorc-sdk/arm-examples/setup/blink/GCC_Project/output/eoss3_hal_wdt.o
 .rodata.__FUNCTION__.2
                0x0000000000007059        0x8 /home/nitish/qorc-sdk/arm-examples/setup/blink/GCC_Project/output/eoss3_hal_wdt.o
 .rodata.spurious_interrupt.str1.1
                0x0000000000007061        0xd /home/nitish/qorc-sdk/arm-examples/setup/blink/GCC_Project/output/exceptions.o
 .rodata.prvGetRegistersFromStack.str1.1
                0x000000000000706e       0x41 /home/nitish/qorc-sdk/arm-examples/setup/blink/GCC_Project/output/exceptions.o
                                         0x44 (size before relaxing)
 .rodata.vApplicationMallocFailedHook.str1.1
                0x00000000000070af       0x20 /home/nitish/qorc-sdk/arm-examples/setup/blink/GCC_Project/output/exceptions.o
 .rodata.vApplicationStackOverflowHook.str1.1
                0x00000000000070cf       0x21 /home/nitish/qorc-sdk/arm-examples/setup/blink/GCC_Project/output/exceptions.o
 .rodata.pvPortMalloc.str1.1
                0x00000000000070f0       0x6a /home/nitish/qorc-sdk/arm-examples/setup/blink/GCC_Project/output/heap_4.o
 .rodata.vPortFree.str1.1
                0x000000000000715a       0x35 /home/nitish/qorc-sdk/arm-examples/setup/blink/GCC_Project/output/heap_4.o
 .rodata.main.str1.1
                0x000000000000718f       0xcb /home/nitish/qorc-sdk/arm-examples/setup/blink/GCC_Project/output/main.o
                                         0xd0 (size before relaxing)
 .rodata.set_gpio_input.str1.1
                0x000000000000725a        0x3 /home/nitish/qorc-sdk/arm-examples/setup/blink/GCC_Project/output/main_dbg_cli_menu.o
 .rodata.set_gpio_output.str1.1
                0x000000000000725d        0x3 /home/nitish/qorc-sdk/arm-examples/setup/blink/GCC_Project/output/main_dbg_cli_menu.o
                                          0x4 (size before relaxing)
 .rodata.get_gpio_value.str1.1
                0x000000000000725d       0x11 /home/nitish/qorc-sdk/arm-examples/setup/blink/GCC_Project/output/main_dbg_cli_menu.o
 .rodata.str1.1
                0x000000000000726e       0x6e /home/nitish/qorc-sdk/arm-examples/setup/blink/GCC_Project/output/main_dbg_cli_menu.o
 .rodata.my_main_menu
                0x00000000000072dc       0x20 /home/nitish/qorc-sdk/arm-examples/setup/blink/GCC_Project/output/main_dbg_cli_menu.o
                0x00000000000072dc                my_main_menu
 .rodata.qorc_gpioctlr
                0x00000000000072fc       0x40 /home/nitish/qorc-sdk/arm-examples/setup/blink/GCC_Project/output/main_dbg_cli_menu.o
                0x00000000000072fc                qorc_gpioctlr
 .rodata.prvTaskExitError.str1.1
                0x000000000000733c       0x7d /home/nitish/qorc-sdk/arm-examples/setup/blink/GCC_Project/output/port.o
 .rodata.xQueueGenericReset.str1.1
                0x00000000000073b9       0x58 /home/nitish/qorc-sdk/arm-examples/setup/blink/GCC_Project/output/queue.o
 .rodata.S3x_Clk_Init.str1.1
                0x0000000000007411       0x6e /home/nitish/qorc-sdk/arm-examples/setup/blink/GCC_Project/output/s3x_clock.o
 .rodata.DFS_StartTimer.str1.1